ESP-ROM:esp32s3-20210327
Build:Mar 27 2021
rst:0x15 (USB_UART_CHIP_RESET),boot:0x0 (DOWNLOAD(USB/UART0))
Saved PC:0x40041a76
waiting for download
[0;32mI (349) main_task: Calling app_main()[0m
[0;32mI (359) ftm_responder: Initializing WiFi...[0m
config is NULL
[0;33mW (359) wifi_init: Failed to unregister Rx callbacks[0m
[1;31mE (359) wifi_init: Failed to deinit Wi-Fi driver (0x3001)[0m
[1;31mE (359) wifi_init: Failed to deinit Wi-Fi (0x3001)[0m
_ERROR_CHECK failed: esp_err_t 0x3001 (ESP_ERR_WIFI_NOT_INIT) at 0x42009f60
file: "./main/responder.c" line 42
func: initialise_wifi
expression: esp_wifi_set_config(ESP_IF_WIFI_AP, &g_ap_config)

abort() was called at PC 0x4037c64b on core 0


Backtrace: 0x40375be1:0x3fca4ef0 0x4037c655:0x3fca4f10 0x40384525:0x3fca4f30 0x4037c64b:0x3fca4fa0 0x42009f60:0x3fca4fd0 0x4200a010:0x3fca5000 0x420692ab:0x3fca5020 0x4037d0bd:0x3fca5050




ELF file SHA256: 55cab393c

Rebooting...
ESP-ROM:esp32s3-20210327
Build:Mar 27 2021
rst:0xc (RTC_SW_CPU_RST),boot:0x8 (SPI_FAST_FLASH_BOOT)
Saved PC:0x40375b20
SPIWP:0xee
mode:DIO, clock div:1
load:0x3fce2810,len:0x15a0
load:0x403c8700,len:0x4
load:0x403c8704,len:0xd20
load:0x403cb700,len:0x2ee4
entry 0x403c8928
[0;32mI (26) boot: ESP-IDF v5.4-dirty 2nd stage bootloader[0m
[0;32mI (26) boot: compile time Apr 10 2025 22:26:29[0m
[0;32mI (26) boot: Multicore bootloader[0m
[0;32mI (27) boot: chip revision: v0.2[0m
[0;32mI (29) boot: efuse block revision: v1.3[0m
[0;32mI (33) boot.esp32s3: Boot SPI Speed : 80MHz[0m
[0;32mI (37) boot.esp32s3: SPI Mode       : DIO[0m
[0;32mI (41) boot.esp32s3: SPI Flash Size : 2MB[0m
[0;32mI (44) boot: Enabling RNG early entropy source...[0m
[0;32mI (49) boot: Partition Table:[0m
[0;32mI (52) boot: ## Label            Usage          Type ST Offset   Length[0m
[0;32mI (58) boot:  0 nvs              WiFi data        01 02 00009000 00006000[0m
[0;32mI (64) boot:  1 phy_init         RF data          01 01 0000f000 00001000[0m
[0;32mI (71) boot:  2 factory          factory app      00 00 00010000 00100000[0m
[0;32mI (77) boot: End of partition table[0m
[0;32mI (81) esp_image: segment 0: paddr=00010020 vaddr=3c070020 size=14864h ( 84068) map[0m
[0;32mI (103) esp_image: segment 1: paddr=0002488c vaddr=3fc99900 size=04938h ( 18744) load[0m
[0;32mI (107) esp_image: segment 2: paddr=000291cc vaddr=40374000 size=06e4ch ( 28236) load[0m
[0;32mI (114) esp_image: segment 3: paddr=00030020 vaddr=42000020 size=69e5ch (433756) map[0m
[0;32mI (191) esp_image: segment 4: paddr=00099e84 vaddr=4037ae4c size=0e9cch ( 59852) load[0m
[0;32mI (204) esp_image: segment 5: paddr=000a8858 vaddr=600fe100 size=0001ch (    28) load[0m
[0;32mI (213) boot: Loaded app from partition at offset 0x10000[0m
[0;32mI (213) boot: Disabling RNG early entropy source...[0m
[0;32mI (223) cpu_start: Multicore app[0m
[0;32mI (232) cpu_start: Pro cpu start user code[0m
[0;32mI (232) cpu_start: cpu freq: 160000000 Hz[0m
[0;32mI (232) app_init: Application information:[0m
[0;32mI (233) app_init: Project name:     responder[0m
[0;32mI (236) app_init: App version:      1[0m
[0;32mI (240) app_init: Compile time:     Apr 10 2025 22:25:29[0m
[0;32mI (245) app_init: ELF file SHA256:  55cab393c...[0m
[0;32mI (249) app_init: ESP-IDF:          v5.4-dirty[0m
[0;32mI (253) efuse_init: Min chip rev:     v0.0[0m
[0;32mI (257) efuse_init: Max chip rev:     v0.99 [0m
[0;32mI (261) efuse_init: Chip rev:         v0.2[0m
[0;32mI (265) heap_init: Initializing. RAM available for dynamic allocation:[0m
[0;32mI (271) heap_init: At 3FCA1518 len 000481F8 (288 KiB): RAM[0m
[0;32mI (276) heap_init: At 3FCE9710 len 00005724 (21 KiB): RAM[0m
[0;32mI (282) heap_init: At 3FCF0000 len 00008000 (32 KiB): DRAM[0m
[0;32mI (287) heap_init: At 600FE11C len 00001ECC (7 KiB): RTCRAM[0m
[0;32mI (293) spi_flash: detected chip: gd[0m
[0;32mI (295) spi_flash: flash io: dio[0m
[0;33mW (298) spi_flash: Detected size(8192k) larger than the size in the binary image header(2048k). Using the size in the binary image header.[0m
[0;32mI (311) sleep_gpio: Configure to isolate all GPIO pins in sleep state[0m
[0;32mI (317) sleep_gpio: Enable automatic switching of GPIO sleep configuration[0m
[0;32mI (324) main_task: Started on CPU0[0m
[0;32mI (334) main_task: Calling app_main()[0m
[0;32mI (344) ftm_responder: Initializing WiFi...[0m
config is NULL
[0;33mW (344) wifi_init: Failed to unregister Rx callbacks[0m
[1;31mE (344) wifi_init: Failed to deinit Wi-Fi driver (0x3001)[0m
[1;31mE (344) wifi_init: Failed to deinit Wi-Fi (0x3001)[0m
ESP_ERROR_CHECK failed: esp_err_t 0x3001 (ESP_ERR_WIFI_NOT_INIT) at 0x42009f60
file: "./main/responder.c" line 42
func: initialise_wifi
expression: esp_wifi_set_config(ESP_IF_WIFI_AP, &g_ap_config)

abort() was called at PC 0x4037c64b on core 0


Backtrace: 0x40375be1:0x3fca4ef0 0x4037c655:0x3fca4f10 0x40384525:0x3fca4f30 0x4037c64b:0x3fca4fa0 0x42009f60:0x3fca4fd0 0x4200a010:0x3fca5000 0x420692ab:0x3fca5020 0x4037d0bd:0x3fca5050




ELF file SHA256: 55cab393c

Rebooting...
ESP-ROM:esp32s3-20210327
Build:Mar 27 2021
rst:0xc (RTC_SW_CPU_RST),boot:0x8 (SPI_FAST_FLASH_BOOT)
Saved PC:0x40375b20
SPIWP:0xee
mode:DIO, clock div:1
load:0x3fce2810,len:0x15a0
load:0x403c8700,len:0x4
load:0x403c8704,len:0xd20
load:0x403cb700,len:0x2ee4
entry 0x403c8928
[0;32mI (26) boot: ESP-IDF v5.4-dirty 2nd stage bootloader[0m
[0;32mI (26) boot: compile time Apr 10 2025 22:26:29[0m
[0;32mI (26) boot: Multicore bootloader[0m
[0;32mI (27) boot: chip revision: v0.2[0m
[0;32mI (29) boot: efuse block revision: v1.3[0m
[0;32mI (33) boot.esp32s3: Boot SPI Speed : 80MHz[0m
[0;32mI (37) boot.esp32s3: SPI Mode       : DIO[0m
[0;32mI (41) boot.esp32s3: SPI Flash Size : 2MB[0m
[0;32mI (44) boot: Enabling RNG early entropy source...[0m
[0;32mI (49) boot: Partition Table:[0m
[0;32mI (52) boot: ## Label            Usage          Type ST Offset   Length[0m
[0;32mI (58) boot:  0 nvs              WiFi data        01 02 00009000 00006000[0m
[0;32mI (64) boot:  1 phy_init         RF data          01 01 0000f000 00001000[0m
[0;32mI (71) boot:  2 factory          factory app      00 00 00010000 00100000[0m
[0;32mI (77) boot: End of partition table[0m
[0;32mI (81) esp_image: segment 0: paddr=00010020 vaddr=3c070020 size=14864h ( 84068) map[0m
[0;32mI (103) esp_image: segment 1: paddr=0002488c vaddr=3fc99900 size=04938h ( 18744) load[0m
[0;32mI (107) esp_image: segment 2: paddr=000291cc vaddr=40374000 size=06e4ch ( 28236) load[0m
[0;32mI (114) esp_image: segment 3: paddr=00030020 vaddr=42000020 size=69e5ch (433756) map[0m
[0;32mI (191) esp_image: segment 4: paddr=00099e84 vaddr=4037ae4c size=0e9cch ( 59852) load[0m
[0;32mI (204) esp_image: segment 5: paddr=000a8858 vaddr=600fe100 size=0001ch (    28) load[0m
[0;32mI (213) boot: Loaded app from partition at offset 0x10000[0m
[0;32mI (213) boot: Disabling RNG early entropy source...[0m
[0;32mI (223) cpu_start: Multicore app[0m
[0;32mI (232) cpu_start: Pro cpu start user code[0m
[0;32mI (232) cpu_start: cpu freq: 160000000 Hz[0m
[0;32mI (232) app_init: Application information:[0m
[0;32mI (233) app_init: Project name:     responder[0m
[0;32mI (236) app_init: App version:      1[0m
[0;32mI (240) app_init: Compile time:     Apr 10 2025 22:25:29[0m
[0;32mI (245) app_init: ELF file SHA256:  55cab393c...[0m
[0;32mI (249) app_init: ESP-IDF:          v5.4-dirty[0m
[0;32mI (253) efuse_init: Min chip rev:     v0.0[0m
[0;32mI (257) efuse_init: Max chip rev:     v0.99 [0m
[0;32mI (261) efuse_init: Chip rev:         v0.2[0m
[0;32mI (265) heap_init: Initializing. RAM available for dynamic allocation:[0m
[0;32mI (271) heap_init: At 3FCA1518 len 000481F8 (288 KiB): RAM[0m
[0;32mI (276) heap_init: At 3FCE9710 len 00005724 (21 KiB): RAM[0m
[0;32mI (282) heap_init: At 3FCF0000 len 00008000 (32 KiB): DRAM[0m
[0;32mI (287) heap_init: At 600FE11C len 00001ECC (7 KiB): RTCRAM[0m
[0;32mI (293) spi_flash: detected chip: gd[0m
[0;32mI (295) spi_flash: flash io: dio[0m
[0;33mW (298) spi_flash: Detected size(8192k) larger than the size in the binary image header(2048k). Using the size in the binary image header.[0m
[0;32mI (311) sleep_gpio: Configure to isolate all GPIO pins in sleep state[0m
[0;32mI (317) sleep_gpio: Enable automatic switching of GPIO sleep configuration[0m
[0;32mI (324) main_task: Started on CPU0[0m
[0;32mI (334) main_task: Calling app_main()[0m
[0;32mI (344) ftm_responder: Initializing WiFi...[0m
config is NULL
[0;33mW (344) wifi_init: Failed to unregister Rx callbacks[0m
[1;31mE (344) wifi_init: Failed to deinit Wi-Fi driver (0x3001)[0m
[1;31mE (344) wifi_init: Failed to deinit Wi-Fi (0x3001)[0m
ESP_ERROR_CHECK failed: esp_err_t 0x3001 (ESP_ERR_WIFI_NOT_INIT) at 0x42009f60
file: "./main/responder.c" line 42
func: initialise_wifi
expression: esp_wifi_set_config(ESP_IF_WIFI_AP, &g_ap_config)

abort() was called at PC 0x4037c64b on core 0


Backtrace: 0x40375be1:0x3fca4ef0 0x4037c655:0x3fca4f10 0x40384525:0x3fca4f30 0x4037c64b:0x3fca4fa0 0x42009f60:0x3fca4fd0 0x4200a010:0x3fca5000 0x420692ab:0x3fca5020 0x4037d0bd:0x3fca5050




ELF file SHA256: 55cab393c

Rebooting...
ESP-ROM:esp32s3-20210327
Build:Mar 27 2021
rst:0xc (RTC_SW_CPU_RST),boot:0x8 (SPI_FAST_FLASH_BOOT)
Saved PC:0x40375b20
SPIWP:0xee
mode:DIO, clock div:1
load:0x3fce2810,len:0x15a0
load:0x403c8700,len:0x4
load:0x403c8704,len:0xd20
load:0x403cb700,len:0x2ee4
entry 0x403c8928
[0;32mI (26) boot: ESP-IDF v5.4-dirty 2nd stage bootloader[0m
[0;32mI (26) boot: compile time Apr 10 2025 22:26:29[0m
[0;32mI (26) boot: Multicore bootloader[0m
[0;32mI (27) boot: chip revision: v0.2[0m
[0;32mI (29) boot: efuse block revision: v1.3[0m
[0;32mI (33) boot.esp32s3: Boot SPI Speed : 80MHz[0m
[0;32mI (37) boot.esp32s3: SPI Mode       : DIO[0m
[0;32mI (41) boot.esp32s3: SPI Flash Size : 2MB[0m
[0;32mI (44) boot: Enabling RNG early entropy source...[0m
[0;32mI (49) boot: Partition Table:[0m
[0;32mI (52) boot: ## Label            Usage          Type ST Offset   Length[0m
[0;32mI (58) boot:  0 nvs              WiFi data        01 02 00009000 00006000[0m
[0;32mI (64) boot:  1 phy_init         RF data          01 01 0000f000 00001000[0m
[0;32mI (71) boot:  2 factory          factory app      00 00 00010000 00100000[0m
[0;32mI (77) boot: End of partition table[0m
[0;32mI (81) esp_image: segment 0: paddr=00010020 vaddr=3c070020 size=14864h ( 84068) map[0m
[0;32mI (103) esp_image: segment 1: paddr=0002488c vaddr=3fc99900 size=04938h ( 18744) load[0m
[0;32mI (107) esp_image: segment 2: paddr=000291cc vaddr=40374000 size=06e4ch ( 28236) load[0m
[0;32mI (114) esp_image: segment 3: paddr=00030020 vaddr=42000020 size=69e5ch (433756) map[0m
[0;32mI (191) esp_image: segment 4: paddr=00099e84 vaddr=4037ae4c size=0e9cch ( 59852) load[0m
[0;32mI (204) esp_image: segment 5: paddr=000a8858 vaddr=600fe100 size=0001ch (    28) load[0m
[0;32mI (213) boot: Loaded app from partition at offset 0x10000[0m
[0;32mI (213) boot: Disabling RNG early entropy source...[0m
[0;32mI (223) cpu_start: Multicore app[0m
[0;32mI (232) cpu_start: Pro cpu start user code[0m
[0;32mI (232) cpu_start: cpu freq: 160000000 Hz[0m
[0;32mI (232) app_init: Application information:[0m
[0;32mI (233) app_init: Project name:     responder[0m
[0;32mI (236) app_init: App version:      1[0m
[0;32mI (240) app_init: Compile time:     Apr 10 2025 22:25:29[0m
[0;32mI (245) app_init: ELF file SHA256:  55cab393c...[0m
[0;32mI (249) app_init: ESP-IDF:          v5.4-dirty[0m
[0;32mI (253) efuse_init: Min chip rev:     v0.0[0m
[0;32mI (257) efuse_init: Max chip rev:     v0.99 [0m
[0;32mI (261) efuse_init: Chip rev:         v0.2[0m
[0;32mI (265) heap_init: Initializing. RAM available for dynamic allocation:[0m
[0;32mI (271) heap_init: At 3FCA1518 len 000481F8 (288 KiB): RAM[0m
[0;32mI (276) heap_init: At 3FCE9710 len 00005724 (21 KiB): RAM[0m
[0;32mI (282) heap_init: At 3FCF0000 len 00008000 (32 KiB): DRAM[0m
[0;32mI (287) heap_init: At 600FE11C len 00001ECC (7 KiB): RTCRAM[0m
[0;32mI (293) spi_flash: detected chip: gd[0m
[0;32mI (295) spi_flash: flash io: dio[0m
[0;33mW (298) spi_flash: Detected size(8192k) larger than the size in the binary image header(2048k). Using the size in the binary image header.[0m
[0;32mI (311) sleep_gpio: Configure to isolate all GPIO pins in sleep state[0m
[0;32mI (317) sleep_gpio: Enable automatic switching of GPIO sleep configuration[0m
[0;32mI (324) main_task: Started on CPU0[0m
[0;32mI (334) main_task: Calling app_main()[0m
[0;32mI (344) ftm_responder: Initializing WiFi...[0m
config is NULL
[0;33mW (344) wifi_init: Failed to unregister Rx callbacks[0m
[1;31mE (344) wifi_init: Failed to deinit Wi-Fi driver (0x3001)[0m
[1;31mE (344) wifi_init: Failed to deinit Wi-Fi (0x3001)[0m
ESP_ERROR_CHECK failed: esp_err_t 0x3001 (ESP_ERR_WIFI_NOT_INIT) at 0x42009f60
file: "./main/responder.c" line 42
func: initialise_wifi
expression: esp_wifi_set_config(ESP_IF_WIFI_AP, &g_ap_config)

abort() was called at PC 0x4037c64b on core 0


Backtrace: 0x40375be1:0x3fca4ef0 0x4037c655:0x3fca4f10 0x40384525:0x3fca4f30 0x4037c64b:0x3fca4fa0 0x42009f60:0x3fca4fd0 0x4200a010:0x3fca5000 0x420692ab:0x3fca5020 0x4037d0bd:0x3fca5050




ELF file SHA256: 55cab393c

Rebooting...
ESP-ROM:esp32s3-20210327
Build:Mar 27 2021
rst:0xc (RTC_SW_CPU_RST),boot:0x8 (SPI_FAST_FLASH_BOOT)
Saved PC:0x40375b20
SPIWP:0xee
mode:DIO, clock div:1
load:0x3fce2810,len:0x15a0
load:0x403c8700,len:0x4
load:0x403c8704,len:0xd20
load:0x403cb700,len:0x2ee4
entry 0x403c8928
[0;32mI (26) boot: ESP-IDF v5.4-dirty 2nd stage bootloader[0m
[0;32mI (26) boot: compile time Apr 10 2025 22:26:29[0m
[0;32mI (26) boot: Multicore bootloader[0m
[0;32mI (27) boot: chip revision: v0.2[0m
[0;32mI (29) boot: efuse block revision: v1.3[0m
[0;32mI (33) boot.esp32s3: Boot SPI Speed : 80MHz[0m
[0;32mI (37) boot.esp32s3: SPI Mode       : DIO[0m
[0;32mI (41) boot.esp32s3: SPI Flash Size : 2MB[0m
[0;32mI (44) boot: Enabling RNG early entropy source...[0m
[0;32mI (49) boot: Partition Table:[0m
[0;32mI (52) boot: ## Label            Usage          Type ST Offset   Length[0m
[0;32mI (58) boot:  0 nvs              WiFi data        01 02 00009000 00006000[0m
[0;32mI (64) boot:  1 phy_init         RF data          01 01 0000f000 00001000[0m
[0;32mI (71) boot:  2 factory          factory app      00 00 00010000 00100000[0m
[0;32mI (77) boot: End of partition table[0m
[0;32mI (81) esp_image: segment 0: paddr=00010020 vaddr=3c070020 size=14864h ( 84068) map[0m
[0;32mI (103) esp_image: segment 1: paddr=0002488c vaddr=3fc99900 size=04938h ( 18744) load[0m
[0;32mI (107) esp_image: segment 2: paddr=000291cc vaddr=40374000 size=06e4ch ( 28236) load[0m
[0;32mI (114) esp_image: segment 3: paddr=00030020 vaddr=42000020 size=69e5ch (433756) map[0m
[0;32mI (191) esp_image: segment 4: paddr=00099e84 vaddr=4037ae4c size=0e9cch ( 59852) load[0m
[0;32mI (204) esp_image: segment 5: paddr=000a8858 vaddr=600fe100 size=0001ch (    28) load[0m
[0;32mI (213) boot: Loaded app from partition at offset 0x10000[0m
[0;32mI (213) boot: Disabling RNG early entropy source...[0m
[0;32mI (223) cpu_start: Multicore app[0m
[0;32mI (232) cpu_start: Pro cpu start user code[0m
[0;32mI (232) cpu_start: cpu freq: 160000000 Hz[0m
[0;32mI (232) app_init: Application information:[0m
[0;32mI (233) app_init: Project name:     responder[0m
[0;32mI (236) app_init: App version:      1[0m
[0;32mI (240) app_init: Compile time:     Apr 10 2025 22:25:29[0m
[0;32mI (245) app_init: ELF file SHA256:  55cab393c...[0m
[0;32mI (249) app_init: ESP-IDF:          v5.4-dirty[0m
[0;32mI (253) efuse_init: Min chip rev:     v0.0[0m
[0;32mI (257) efuse_init: Max chip rev:     v0.99 [0m
[0;32mI (261) efuse_init: Chip rev:         v0.2[0m
[0;32mI (265) heap_init: Initializing. RAM available for dynamic allocation:[0m
[0;32mI (271) heap_init: At 3FCA1518 len 000481F8 (288 KiB): RAM[0m
[0;32mI (276) heap_init: At 3FCE9710 len 00005724 (21 KiB): RAM[0m
[0;32mI (282) heap_init: At 3FCF0000 len 00008000 (32 KiB): DRAM[0m
[0;32mI (287) heap_init: At 600FE11C len 00001ECC (7 KiB): RTCRAM[0m
[0;32mI (293) spi_flash: detected chip: gd[0m
[0;32mI (295) spi_flash: flash io: dio[0m
[0;33mW (298) spi_flash: Detected size(8192k) larger than the size in the binary image header(2048k). Using the size in the binary image header.[0m
[0;32mI (311) sleep_gpio: Configure to isolate all GPIO pins in sleep state[0m
[0;32mI (317) sleep_gpio: Enable automatic switching of GPIO sleep configuration[0m
[0;32mI (324) main_task: Started on CPU0[0m
[0;32mI (334) main_task: Calling app_main()[0m
[0;32mI (344) ftm_responder: Initializing WiFi...[0m
config is NULL
[0;33mW (344) wifi_init: Failed to unregister Rx callbacks[0m
[1;31mE (344) wifi_init: Failed to deinit Wi-Fi driver (0x3001)[0m
[1;31mE (344) wifi_init: Failed to deinit Wi-Fi (0x3001)[0m
ESP_ERROR_CHECK failed: esp_err_t 0x3001 (ESP_ERR_WIFI_NOT_INIT) at 0x42009f60
file: "./main/responder.c" line 42
func: initialise_wifi
expression: esp_wifi_set_config(ESP_IF_WIFI_AP, &g_ap_config)

abort() was called at PC 0x4037c64b on core 0


Backtrace: 0x40375be1:0x3fca4ef0 0x4037c655:0x3fca4f10 0x40384525:0x3fca4f30 0x4037c64b:0x3fca4fa0 0x42009f60:0x3fca4fd0 0x4200a010:0x3fca5000 0x420692ab:0x3fca5020 0x4037d0bd:0x3fca5050




ELF file SHA256: 55cab393c

Rebooting...
ESP-ROM:esp32s3-20210327
Build:Mar 27 2021
rst:0xc (RTC_SW_CPU_RST),boot:0x8 (SPI_FAST_FLASH_BOOT)
Saved PC:0x40375b20
SPIWP:0xee
mode:DIO, clock div:1
load:0x3fce2810,len:0x15a0
load:0x403c8700,len:0x4
load:0x403c8704,len:0xd20
load:0x403cb700,len:0x2ee4
entry 0x403c8928
[0;32mI (26) boot: ESP-IDF v5.4-dirty 2nd stage bootloader[0m
[0;32mI (26) boot: compile time Apr 10 2025 22:26:29[0m
[0;32mI (26) boot: Multicore bootloader[0m
[0;32mI (27) boot: chip revision: v0.2[0m
[0;32mI (29) boot: efuse block revision: v1.3[0m
[0;32mI (33) boot.esp32s3: Boot SPI Speed : 80MHz[0m
[0;32mI (37) boot.esp32s3: SPI Mode       : DIO[0m
[0;32mI (41) boot.esp32s3: SPI Flash Size : 2MB[0m
[0;32mI (44) boot: Enabling RNG early entropy source...[0m
[0;32mI (49) boot: Partition Table:[0m
[0;32mI (52) boot: ## Label            Usage          Type ST Offset   Length[0m
[0;32mI (58) boot:  0 nvs              WiFi data        01 02 00009000 00006000[0m
[0;32mI (64) boot:  1 phy_init         RF data          01 01 0000f000 00001000[0m
[0;32mI (71) boot:  2 factory          factory app      00 00 00010000 00100000[0m
[0;32mI (77) boot: End of partition table[0m
[0;32mI (81) esp_image: segment 0: paddr=00010020 vaddr=3c070020 size=14864h ( 84068) map[0m
[0;32mI (103) esp_image: segment 1: paddr=0002488c vaddr=3fc99900 size=04938h ( 18744) load[0m
[0;32mI (107) esp_image: segment 2: paddr=000291cc vaddr=40374000 size=06e4ch ( 28236) load[0m
[0;32mI (114) esp_image: segment 3: paddr=00030020 vaddr=42000020 size=69e5ch (433756) map[0m
[0;32mI (191) esp_image: segment 4: paddr=00099e84 vaddr=4037ae4c size=0e9cch ( 59852) load[0m
[0;32mI (204) esp_image: segment 5: paddr=000a8858 vaddr=600fe100 size=0001ch (    28) load[0m
[0;32mI (213) boot: Loaded app from partition at offset 0x10000[0m
[0;32mI (213) boot: Disabling RNG early entropy source...[0m
[0;32mI (223) cpu_start: Multicore app[0m
[0;32mI (232) cpu_start: Pro cpu start user code[0m
[0;32mI (232) cpu_start: cpu freq: 160000000 Hz[0m
[0;32mI (233) app_init: Application information:[0m
[0;32mI (233) app_init: Project name:     responder[0m
[0;32mI (237) app_init: App version:      1[0m
[0;32mI (240) app_init: Compile time:     Apr 10 2025 22:25:29[0m
[0;32mI (245) app_init: ELF file SHA256:  55cab393c...[0m
[0;32mI (249) app_init: ESP-IDF:          v5.4-dirty[0m
[0;32mI (253) efuse_init: Min chip rev:     v0.0[0m
[0;32mI (257) efuse_init: Max chip rev:     v0.99 [0m
[0;32mI (261) efuse_init: Chip rev:         v0.2[0m
[0;32mI (265) heap_init: Initializing. RAM available for dynamic allocation:[0m
[0;32mI (271) heap_init: At 3FCA1518 len 000481F8 (288 KiB): RAM[0m
[0;32mI (277) heap_init: At 3FCE9710 len 00005724 (21 KiB): RAM[0m
[0;32mI (282) heap_init: At 3FCF0000 len 00008000 (32 KiB): DRAM[0m
[0;32mI (287) heap_init: At 600FE11C len 00001ECC (7 KiB): RTCRAM[0m
[0;32mI (293) spi_flash: detected chip: gd[0m
[0;32mI (295) spi_flash: flash io: dio[0m
[0;33mW (298) spi_flash: Detected size(8192k) larger than the size in the binary image header(2048k). Using the size in the binary image header.[0m
[0;32mI (311) sleep_gpio: Configure to isolate all GPIO pins in sleep state[0m
[0;32mI (317) sleep_gpio: Enable automatic switching of GPIO sleep configuration[0m
[0;32mI (324) main_task: Started on CPU0[0m
[0;32mI (334) main_task: Calling app_main()[0m
[0;32mI (344) ftm_responder: Initializing WiFi...[0m
config is NULL
[0;33mW (344) wifi_init: Failed to unregister Rx callbacks[0m
[1;31mE (344) wifi_init: Failed to deinit Wi-Fi driver (0x3001)[0m
[1;31mE (344) wifi_init: Failed to deinit Wi-Fi (0x3001)[0m
ESP_ERROR_CHECK failed: esp_err_t 0x3001 (ESP_ERR_WIFI_NOT_INIT) at 0x42009f60
file: "./main/responder.c" line 42
func: initialise_wifi
expression: esp_wifi_set_config(ESP_IF_WIFI_AP, &g_ap_config)

abort() was called at PC 0x4037c64b on core 0


Backtrace: 0x40375be1:0x3fca4ef0 0x4037c655:0x3fca4f10 0x40384525:0x3fca4f30 0x4037c64b:0x3fca4fa0 0x42009f60:0x3fca4fd0 0x4200a010:0x3fca5000 0x420692ab:0x3fca5020 0x4037d0bd:0x3fca5050




ELF file SHA256: 55cab393c

Rebooting...
ESP-ROM:esp32s3-20210327
Build:Mar 27 2021
rst:0xc (RTC_SW_CPU_RST),boot:0x8 (SPI_FAST_FLASH_BOOT)
Saved PC:0x40375b20
SPIWP:0xee
mode:DIO, clock div:1
load:0x3fce2810,len:0x15a0
load:0x403c8700,len:0x4
load:0x403c8704,len:0xd20
load:0x403cb700,len:0x2ee4
entry 0x403c8928
[0;32mI (26) boot: ESP-IDF v5.4-dirty 2nd stage bootloader[0m
[0;32mI (26) boot: compile time Apr 10 2025 22:26:29[0m
[0;32mI (26) boot: Multicore bootloader[0m
[0;32mI (27) boot: chip revision: v0.2[0m
[0;32mI (29) boot: efuse block revision: v1.3[0m
[0;32mI (33) boot.esp32s3: Boot SPI Speed : 80MHz[0m
[0;32mI (37) boot.esp32s3: SPI Mode       : DIO[0m
[0;32mI (41) boot.esp32s3: SPI Flash Size : 2MB[0m
[0;32mI (44) boot: Enabling RNG early entropy source...[0m
[0;32mI (49) boot: Partition Table:[0m
[0;32mI (52) boot: ## Label            Usage          Type ST Offset   Length[0m
[0;32mI (58) boot:  0 nvs              WiFi data        01 02 00009000 00006000[0m
[0;32mI (64) boot:  1 phy_init         RF data          01 01 0000f000 00001000[0m
[0;32mI (71) boot:  2 factory          factory app      00 00 00010000 00100000[0m
[0;32mI (77) boot: End of partition table[0m
[0;32mI (81) esp_image: segment 0: paddr=00010020 vaddr=3c070020 size=14864h ( 84068) map[0m
[0;32mI (103) esp_image: segment 1: paddr=0002488c vaddr=3fc99900 size=04938h ( 18744) load[0m
[0;32mI (107) esp_image: segment 2: paddr=000291cc vaddr=40374000 size=06e4ch ( 28236) load[0m
[0;32mI (114) esp_image: segment 3: paddr=00030020 vaddr=42000020 size=69e5ch (433756) map[0m
[0;32mI (191) esp_image: segment 4: paddr=00099e84 vaddr=4037ae4c size=0e9cch ( 59852) load[0m
[0;32mI (204) esp_image: segment 5: paddr=000a8858 vaddr=600fe100 size=0001ch (    28) load[0m
[0;32mI (213) boot: Loaded app from partition at offset 0x10000[0m
[0;32mI (213) boot: Disabling RNG early entropy source...[0m
[0;32mI (223) cpu_start: Multicore app[0m
[0;32mI (232) cpu_start: Pro cpu start user code[0m
[0;32mI (232) cpu_start: cpu freq: 160000000 Hz[0m
[0;32mI (232) app_init: Application information:[0m
[0;32mI (233) app_init: Project name:     responder[0m
[0;32mI (236) app_init: App version:      1[0m
[0;32mI (240) app_init: Compile time:     Apr 10 2025 22:25:29[0m
[0;32mI (245) app_init: ELF file SHA256:  55cab393c...[0m
[0;32mI (249) app_init: ESP-IDF:          v5.4-dirty[0m
[0;32mI (253) efuse_init: Min chip rev:     v0.0[0m
[0;32mI (257) efuse_init: Max chip rev:     v0.99 [0m
[0;32mI (261) efuse_init: Chip rev:         v0.2[0m
[0;32mI (265) heap_init: Initializing. RAM available for dynamic allocation:[0m
[0;32mI (271) heap_init: At 3FCA1518 len 000481F8 (288 KiB): RAM[0m
[0;32mI (276) heap_init: At 3FCE9710 len 00005724 (21 KiB): RAM[0m
[0;32mI (282) heap_init: At 3FCF0000 len 00008000 (32 KiB): DRAM[0m
[0;32mI (287) heap_init: At 600FE11C len 00001ECC (7 KiB): RTCRAM[0m
[0;32mI (293) spi_flash: detected chip: gd[0m
[0;32mI (295) spi_flash: flash io: dio[0m
[0;33mW (298) spi_flash: Detected size(8192k) larger than the size in the binary image header(2048k). Using the size in the binary image header.[0m
[0;32mI (311) sleep_gpio: Configure to isolate all GPIO pins in sleep state[0m
[0;32mI (317) sleep_gpio: Enable automatic switching of GPIO sleep configuration[0m
[0;32mI (324) main_task: Started on CPU0[0m
[0;32mI (334) main_task: Calling app_main()[0m
[0;32mI (344) ftm_responder: Initializing WiFi...[0m
config is NULL
[0;33mW (344) wifi_init: Failed to unregister Rx callbacks[0m
[1;31mE (344) wifi_init: Failed to deinit Wi-Fi driver (0x3001)[0m
[1;31mE (344) wifi_init: Failed to deinit Wi-Fi (0x3001)[0m
ESP_ERROR_CHECK failed: esp_err_t 0x3001 (ESP_ERR_WIFI_NOT_INIT) at 0x42009f60
file: "./main/responder.c" line 42
func: initialise_wifi
expression: esp_wifi_set_config(ESP_IF_WIFI_AP, &g_ap_config)

abort() was called at PC 0x4037c64b on core 0


Backtrace: 0x40375be1:0x3fca4ef0 0x4037c655:0x3fca4f10 0x40384525:0x3fca4f30 0x4037c64b:0x3fca4fa0 0x42009f60:0x3fca4fd0 0x4200a010:0x3fca5000 0x420692ab:0x3fca5020 0x4037d0bd:0x3fca5050




ELF file SHA256: 55cab393c

Rebooting...
ESP-ROM:esp32s3-20210327
Build:Mar 27 2021
rst:0xc (RTC_SW_CPU_RST),boot:0x8 (SPI_FAST_FLASH_BOOT)
Saved PC:0x40375b20
SPIWP:0xee
mode:DIO, clock div:1
load:0x3fce2810,len:0x15a0
load:0x403c8700,len:0x4
load:0x403c8704,len:0xd20
load:0x403cb700,len:0x2ee4
entry 0x403c8928
[0;32mI (26) boot: ESP-IDF v5.4-dirty 2nd stage bootloader[0m
[0;32mI (26) boot: compile time Apr 10 2025 22:26:29[0m
[0;32mI (26) boot: Multicore bootloader[0m
[0;32mI (27) boot: chip revision: v0.2[0m
[0;32mI (29) boot: efuse block revision: v1.3[0m
[0;32mI (33) boot.esp32s3: Boot SPI Speed : 80MHz[0m
[0;32mI (37) boot.esp32s3: SPI Mode       : DIO[0m
[0;32mI (41) boot.esp32s3: SPI Flash Size : 2MB[0m
[0;32mI (44) boot: Enabling RNG early entropy source...[0m
[0;32mI (49) boot: Partition Table:[0m
[0;32mI (52) boot: ## Label            Usage          Type ST Offset   Length[0m
[0;32mI (58) boot:  0 nvs              WiFi data        01 02 00009000 00006000[0m
[0;32mI (64) boot:  1 phy_init         RF data          01 01 0000f000 00001000[0m
[0;32mI (71) boot:  2 factory          factory app      00 00 00010000 00100000[0m
[0;32mI (77) boot: End of partition table[0m
[0;32mI (81) esp_image: segment 0: paddr=00010020 vaddr=3c070020 size=14864h ( 84068) map[0m
[0;32mI (103) esp_image: segment 1: paddr=0002488c vaddr=3fc99900 size=04938h ( 18744) load[0m
[0;32mI (107) esp_image: segment 2: paddr=000291cc vaddr=40374000 size=06e4ch ( 28236) load[0m
[0;32mI (114) esp_image: segment 3: paddr=00030020 vaddr=42000020 size=69e5ch (433756) map[0m
[0;32mI (191) esp_image: segment 4: paddr=00099e84 vaddr=4037ae4c size=0e9cch ( 59852) load[0m
[0;32mI (204) esp_image: segment 5: paddr=000a8858 vaddr=600fe100 size=0001ch (    28) load[0m
[0;32mI (213) boot: Loaded app from partition at offset 0x10000[0m
[0;32mI (213) boot: Disabling RNG early entropy source...[0m
[0;32mI (223) cpu_start: Multicore app[0m
[0;32mI (232) cpu_start: Pro cpu start user code[0m
[0;32mI (232) cpu_start: cpu freq: 160000000 Hz[0m
[0;32mI (232) app_init: Application information:[0m
[0;32mI (233) app_init: Project name:     responder[0m
[0;32mI (236) app_init: App version:      1[0m
[0;32mI (240) app_init: Compile time:     Apr 10 2025 22:25:29[0m
[0;32mI (245) app_init: ELF file SHA256:  55cab393c...[0m
[0;32mI (249) app_init: ESP-IDF:          v5.4-dirty[0m
[0;32mI (253) efuse_init: Min chip rev:     v0.0[0m
[0;32mI (257) efuse_init: Max chip rev:     v0.99 [0m
[0;32mI (261) efuse_init: Chip rev:         v0.2[0m
[0;32mI (265) heap_init: Initializing. RAM available for dynamic allocation:[0m
[0;32mI (271) heap_init: At 3FCA1518 len 000481F8 (288 KiB): RAM[0m
[0;32mI (276) heap_init: At 3FCE9710 len 00005724 (21 KiB): RAM[0m
[0;32mI (282) heap_init: At 3FCF0000 len 00008000 (32 KiB): DRAM[0m
[0;32mI (287) heap_init: At 600FE11C len 00001ECC (7 KiB): RTCRAM[0m
[0;32mI (293) spi_flash: detected chip: gd[0m
[0;32mI (295) spi_flash: flash io: dio[0m
[0;33mW (298) spi_flash: Detected size(8192k) larger than the size in the binary image header(2048k). Using the size in the binary image header.[0m
[0;32mI (311) sleep_gpio: Configure to isolate all GPIO pins in sleep state[0m
[0;32mI (317) sleep_gpio: Enable automatic switching of GPIO sleep configuration[0m
[0;32mI (324) main_task: Started on CPU0[0m
[0;32mI (334) main_task: Calling app_main()[0m
[0;32mI (344) ftm_responder: Initializing WiFi...[0m
config is NULL
[0;33mW (344) wifi_init: Failed to unregister Rx callbacks[0m
[1;31mE (344) wifi_init: Failed to deinit Wi-Fi driver (0x3001)[0m
[1;31mE (344) wifi_init: Failed to deinit Wi-Fi (0x3001)[0m
ESP_ERROR_CHECK failed: esp_err_t 0x3001 (ESP_ERR_WIFI_NOT_INIT) at 0x42009f60
file: "./main/responder.c" line 42
func: initialise_wifi
expression: esp_wifi_set_config(ESP_IF_WIFI_AP, &g_ap_config)

abort() was called at PC 0x4037c64b on core 0


Backtrace: 0x40375be1:0x3fca4ef0 0x4037c655:0x3fca4f10 0x40384525:0x3fca4f30 0x4037c64b:0x3fca4fa0 0x42009f60:0x3fca4fd0 0x4200a010:0x3fca5000 0x420692ab:0x3fca5020 0x4037d0bd:0x3fca5050




ELF file SHA256: 55cab393c

Rebooting...
ESP-ROM:esp32s3-20210327
Build:Mar 27 2021
rst:0xc (RTC_SW_CPU_RST),boot:0x8 (SPI_FAST_FLASH_BOOT)
Saved PC:0x40375b20
SPIWP:0xee
mode:DIO, clock div:1
load:0x3fce2810,len:0x15a0
load:0x403c8700,len:0x4
load:0x403c8704,len:0xd20
load:0x403cb700,len:0x2ee4
entry 0x403c8928
[0;32mI (26) boot: ESP-IDF v5.4-dirty 2nd stage bootloader[0m
[0;32mI (26) boot: compile time Apr 10 2025 22:26:29[0m
[0;32mI (26) boot: Multicore bootloader[0m
[0;32mI (27) boot: chip revision: v0.2[0m
[0;32mI (29) boot: efuse block revision: v1.3[0m
[0;32mI (33) boot.esp32s3: Boot SPI Speed : 80MHz[0m
[0;32mI (37) boot.esp32s3: SPI Mode       : DIO[0m
[0;32mI (41) boot.esp32s3: SPI Flash Size : 2MB[0m
[0;32mI (44) boot: Enabling RNG early entropy source...[0m
[0;32mI (49) boot: Partition Table:[0m
[0;32mI (52) boot: ## Label            Usage          Type ST Offset   Length[0m
[0;32mI (58) boot:  0 nvs              WiFi data        01 02 00009000 00006000[0m
[0;32mI (64) boot:  1 phy_init         RF data          01 01 0000f000 00001000[0m
[0;32mI (71) boot:  2 factory          factory app      00 00 00010000 00100000[0m
[0;32mI (77) boot: End of partition table[0m
[0;32mI (81) esp_image: segment 0: paddr=00010020 vaddr=3c070020 size=14864h ( 84068) map[0m
[0;32mI (103) esp_image: segment 1: paddr=0002488c vaddr=3fc99900 size=04938h ( 18744) load[0m
[0;32mI (107) esp_image: segment 2: paddr=000291cc vaddr=40374000 size=06e4ch ( 28236) load[0m
[0;32mI (114) esp_image: segment 3: paddr=00030020 vaddr=42000020 size=69e5ch (433756) map[0m
[0;32mI (191) esp_image: segment 4: paddr=00099e84 vaddr=4037ae4c size=0e9cch ( 59852) load[0m
[0;32mI (204) esp_image: segment 5: paddr=000a8858 vaddr=600fe100 size=0001ch (    28) load[0m
[0;32mI (213) boot: Loaded app from partition at offset 0x10000[0m
[0;32mI (213) boot: Disabling RNG early entropy source...[0m
[0;32mI (223) cpu_start: Multicore app[0m
[0;32mI (232) cpu_start: Pro cpu start user code[0m
[0;32mI (232) cpu_start: cpu freq: 160000000 Hz[0m
[0;32mI (232) app_init: Application information:[0m
[0;32mI (233) app_init: Project name:     responder[0m
[0;32mI (236) app_init: App version:      1[0m
[0;32mI (240) app_init: Compile time:     Apr 10 2025 22:25:29[0m
[0;32mI (245) app_init: ELF file SHA256:  55cab393c...[0m
[0;32mI (249) app_init: ESP-IDF:          v5.4-dirty[0m
[0;32mI (253) efuse_init: Min chip rev:     v0.0[0m
[0;32mI (257) efuse_init: Max chip rev:     v0.99 [0m
[0;32mI (261) efuse_init: Chip rev:         v0.2[0m
[0;32mI (265) heap_init: Initializing. RAM available for dynamic allocation:[0m
[0;32mI (271) heap_init: At 3FCA1518 len 000481F8 (288 KiB): RAM[0m
[0;32mI (276) heap_init: At 3FCE9710 len 00005724 (21 KiB): RAM[0m
[0;32mI (282) heap_init: At 3FCF0000 len 00008000 (32 KiB): DRAM[0m
[0;32mI (287) heap_init: At 600FE11C len 00001ECC (7 KiB): RTCRAM[0m
[0;32mI (293) spi_flash: detected chip: gd[0m
[0;32mI (295) spi_flash: flash io: dio[0m
[0;33mW (298) spi_flash: Detected size(8192k) larger than the size in the binary image header(2048k). Using the size in the binary image header.[0m
[0;32mI (311) sleep_gpio: Configure to isolate all GPIO pins in sleep state[0m
[0;32mI (317) sleep_gpio: Enable automatic switching of GPIO sleep configuration[0m
[0;32mI (324) main_task: Started on CPU0[0m
[0;32mI (334) main_task: Calling app_main()[0m
[0;32mI (344) ftm_responder: Initializing WiFi...[0m
config is NULL
[0;33mW (344) wifi_init: Failed to unregister Rx callbacks[0m
[1;31mE (344) wifi_init: Failed to deinit Wi-Fi driver (0x3001)[0m
[1;31mE (344) wifi_init: Failed to deinit Wi-Fi (0x3001)[0m
ESP_ERROR_CHECK failed: esp_err_t 0x3001 (ESP_ERR_WIFI_NOT_INIT) at 0x42009f60
file: "./main/responder.c" line 42
func: initialise_wifi
expression: esp_wifi_set_config(ESP_IF_WIFI_AP, &g_ap_config)

abort() was called at PC 0x4037c64b on core 0


Backtrace: 0x40375be1:0x3fca4ef0 0x4037c655:0x3fca4f10 0x40384525:0x3fca4f30 0x4037c64b:0x3fca4fa0 0x42009f60:0x3fca4fd0 0x4200a010:0x3fca5000 0x420692ab:0x3fca5020 0x4037d0bd:0x3fca5050




ELF file SHA256: 55cab393c

Rebooting...
ESP-ROM:esp32s3-20210327
Build:Mar 27 2021
rst:0xc (RTC_SW_CPU_RST),boot:0x8 (SPI_FAST_FLASH_BOOT)
Saved PC:0x40375b20
SPIWP:0xee
mode:DIO, clock div:1
load:0x3fce2810,len:0x15a0
load:0x403c8700,len:0x4
load:0x403c8704,len:0xd20
load:0x403cb700,len:0x2ee4
entry 0x403c8928
[0;32mI (26) boot: ESP-IDF v5.4-dirty 2nd stage bootloader[0m
[0;32mI (26) boot: compile time Apr 10 2025 22:26:29[0m
[0;32mI (26) boot: Multicore bootloader[0m
[0;32mI (27) boot: chip revision: v0.2[0m
[0;32mI (29) boot: efuse block revision: v1.3[0m
[0;32mI (33) boot.esp32s3: Boot SPI Speed : 80MHz[0m
[0;32mI (37) boot.esp32s3: SPI Mode       : DIO[0m
[0;32mI (41) boot.esp32s3: SPI Flash Size : 2MB[0m
[0;32mI (44) boot: Enabling RNG early entropy source...[0m
[0;32mI (49) boot: Partition Table:[0m
[0;32mI (52) boot: ## Label            Usage          Type ST Offset   Length[0m
[0;32mI (58) boot:  0 nvs              WiFi data        01 02 00009000 00006000[0m
[0;32mI (64) boot:  1 phy_init         RF data          01 01 0000f000 00001000[0m
[0;32mI (71) boot:  2 factory          factory app      00 00 00010000 00100000[0m
[0;32mI (77) boot: End of partition table[0m
[0;32mI (81) esp_image: segment 0: paddr=00010020 vaddr=3c070020 size=14864h ( 84068) map[0m
[0;32mI (103) esp_image: segment 1: paddr=0002488c vaddr=3fc99900 size=04938h ( 18744) load[0m
[0;32mI (107) esp_image: segment 2: paddr=000291cc vaddr=40374000 size=06e4ch ( 28236) load[0m
[0;32mI (114) esp_image: segment 3: paddr=00030020 vaddr=42000020 size=69e5ch (433756) map[0m
[0;32mI (191) esp_image: segment 4: paddr=00099e84 vaddr=4037ae4c size=0e9cch ( 59852) load[0m
[0;32mI (204) esp_image: segment 5: paddr=000a8858 vaddr=600fe100 size=0001ch (    28) load[0m
[0;32mI (213) boot: Loaded app from partition at offset 0x10000[0m
[0;32mI (213) boot: Disabling RNG early entropy source...[0m
[0;32mI (223) cpu_start: Multicore app[0m
[0;32mI (232) cpu_start: Pro cpu start user code[0m
[0;32mI (232) cpu_start: cpu freq: 160000000 Hz[0m
[0;32mI (232) app_init: Application information:[0m
[0;32mI (233) app_init: Project name:     responder[0m
[0;32mI (236) app_init: App version:      1[0m
[0;32mI (240) app_init: Compile time:     Apr 10 2025 22:25:29[0m
[0;32mI (245) app_init: ELF file SHA256:  55cab393c...[0m
[0;32mI (249) app_init: ESP-IDF:          v5.4-dirty[0m
[0;32mI (253) efuse_init: Min chip rev:     v0.0[0m
[0;32mI (257) efuse_init: Max chip rev:     v0.99 [0m
[0;32mI (261) efuse_init: Chip rev:         v0.2[0m
[0;32mI (265) heap_init: Initializing. RAM available for dynamic allocation:[0m
[0;32mI (271) heap_init: At 3FCA1518 len 000481F8 (288 KiB): RAM[0m
[0;32mI (276) heap_init: At 3FCE9710 len 00005724 (21 KiB): RAM[0m
[0;32mI (282) heap_init: At 3FCF0000 len 00008000 (32 KiB): DRAM[0m
[0;32mI (287) heap_init: At 600FE11C len 00001ECC (7 KiB): RTCRAM[0m
[0;32mI (293) spi_flash: detected chip: gd[0m
[0;32mI (295) spi_flash: flash io: dio[0m
[0;33mW (298) spi_flash: Detected size(8192k) larger than the size in the binary image header(2048k). Using the size in the binary image header.[0m
[0;32mI (311) sleep_gpio: Configure to isolate all GPIO pins in sleep state[0m
[0;32mI (317) sleep_gpio: Enable automatic switching of GPIO sleep configuration[0m
[0;32mI (324) main_task: Started on CPU0[0m
[0;32mI (334) main_task: Calling app_main()[0m
[0;32mI (344) ftm_responder: Initializing WiFi...[0m
config is NULL
[0;33mW (344) wifi_init: Failed to unregister Rx callbacks[0m
[1;31mE (344) wifi_init: Failed to deinit Wi-Fi driver (0x3001)[0m
[1;31mE (344) wifi_init: Failed to deinit Wi-Fi (0x3001)[0m
ESP_ERROR_CHECK failed: esp_err_t 0x3001 (ESP_ERR_WIFI_NOT_INIT) at 0x42009f60
file: "./main/responder.c" line 42
func: initialise_wifi
expression: esp_wifi_set_config(ESP_IF_WIFI_AP, &g_ap_config)

abort() was called at PC 0x4037c64b on core 0


Backtrace: 0x40375be1:0x3fca4ef0 0x4037c655:0x3fca4f10 0x40384525:0x3fca4f30 0x4037c64b:0x3fca4fa0 0x42009f60:0x3fca4fd0 0x4200a010:0x3fca5000 0x420692ab:0x3fca5020 0x4037d0bd:0x3fca5050




ELF file SHA256: 55cab393c

Rebooting...
ESP-ROM:esp32s3-20210327
Build:Mar 27 2021
rst:0xc (RTC_SW_CPU_RST),boot:0x8 (SPI_FAST_FLASH_BOOT)
Saved PC:0x40375b20
SPIWP:0xee
mode:DIO, clock div:1
load:0x3fce2810,len:0x15a0
load:0x403c8700,len:0x4
load:0x403c8704,len:0xd20
load:0x403cb700,len:0x2ee4
entry 0x403c8928
[0;32mI (26) boot: ESP-IDF v5.4-dirty 2nd stage bootloader[0m
[0;32mI (26) boot: compile time Apr 10 2025 22:26:29[0m
[0;32mI (26) boot: Multicore bootloader[0m
[0;32mI (27) boot: chip revision: v0.2[0m
[0;32mI (29) boot: efuse block revision: v1.3[0m
[0;32mI (33) boot.esp32s3: Boot SPI Speed : 80MHz[0m
[0;32mI (37) boot.esp32s3: SPI Mode       : DIO[0m
[0;32mI (41) boot.esp32s3: SPI Flash Size : 2MB[0m
[0;32mI (44) boot: Enabling RNG early entropy source...[0m
[0;32mI (49) boot: Partition Table:[0m
[0;32mI (52) boot: ## Label            Usage          Type ST Offset   Length[0m
[0;32mI (58) boot:  0 nvs              WiFi data        01 02 00009000 00006000[0m
[0;32mI (64) boot:  1 phy_init         RF data          01 01 0000f000 00001000[0m
[0;32mI (71) boot:  2 factory          factory app      00 00 00010000 00100000[0m
[0;32mI (77) boot: End of partition table[0m
[0;32mI (81) esp_image: segment 0: paddr=00010020 vaddr=3c070020 size=14864h ( 84068) map[0m
[0;32mI (103) esp_image: segment 1: paddr=0002488c vaddr=3fc99900 size=04938h ( 18744) load[0m
[0;32mI (107) esp_image: segment 2: paddr=000291cc vaddr=40374000 size=06e4ch ( 28236) load[0m
[0;32mI (114) esp_image: segment 3: paddr=00030020 vaddr=42000020 size=69e5ch (433756) map[0m
[0;32mI (191) esp_image: segment 4: paddr=00099e84 vaddr=4037ae4c size=0e9cch ( 59852) load[0m
[0;32mI (204) esp_image: segment 5: paddr=000a8858 vaddr=600fe100 size=0001ch (    28) load[0m
[0;32mI (213) boot: Loaded app from partition at offset 0x10000[0m
[0;32mI (213) boot: Disabling RNG early entropy source...[0m
[0;32mI (223) cpu_start: Multicore app[0m
[0;32mI (232) cpu_start: Pro cpu start user code[0m
[0;32mI (232) cpu_start: cpu freq: 160000000 Hz[0m
[0;32mI (232) app_init: Application information:[0m
[0;32mI (233) app_init: Project name:     responder[0m
[0;32mI (236) app_init: App version:      1[0m
[0;32mI (240) app_init: Compile time:     Apr 10 2025 22:25:29[0m
[0;32mI (245) app_init: ELF file SHA256:  55cab393c...[0m
[0;32mI (249) app_init: ESP-IDF:          v5.4-dirty[0m
[0;32mI (253) efuse_init: Min chip rev:     v0.0[0m
[0;32mI (257) efuse_init: Max chip rev:     v0.99 [0m
[0;32mI (261) efuse_init: Chip rev:         v0.2[0m
[0;32mI (265) heap_init: Initializing. RAM available for dynamic allocation:[0m
[0;32mI (271) heap_init: At 3FCA1518 len 000481F8 (288 KiB): RAM[0m
[0;32mI (276) heap_init: At 3FCE9710 len 00005724 (21 KiB): RAM[0m
[0;32mI (282) heap_init: At 3FCF0000 len 00008000 (32 KiB): DRAM[0m
[0;32mI (287) heap_init: At 600FE11C len 00001ECC (7 KiB): RTCRAM[0m
[0;32mI (293) spi_flash: detected chip: gd[0m
[0;32mI (295) spi_flash: flash io: dio[0m
[0;33mW (298) spi_flash: Detected size(8192k) larger than the size in the binary image header(2048k). Using the size in the binary image header.[0m
[0;32mI (311) sleep_gpio: Configure to isolate all GPIO pins in sleep state[0m
[0;32mI (317) sleep_gpio: Enable automatic switching of GPIO sleep configuration[0m
[0;32mI (324) main_task: Started on CPU0[0m
[0;32mI (334) main_task: Calling app_main()[0m
[0;32mI (344) ftm_responder: Initializing WiFi...[0m
config is NULL
[0;33mW (344) wifi_init: Failed to unregister Rx callbacks[0m
[1;31mE (344) wifi_init: Failed to deinit Wi-Fi driver (0x3001)[0m
[1;31mE (344) wifi_init: Failed to deinit Wi-Fi (0x3001)[0m
ESP_ERROR_CHECK failed: esp_err_t 0x3001 (ESP_ERR_WIFI_NOT_INIT) at 0x42009f60
file: "./main/responder.c" line 42
func: initialise_wifi
expression: esp_wifi_set_config(ESP_IF_WIFI_AP, &g_ap_config)

abort() was called at PC 0x4037c64b on core 0


Backtrace: 0x40375be1:0x3fca4ef0 0x4037c655:0x3fca4f10 0x40384525:0x3fca4f30 0x4037c64b:0x3fca4fa0 0x42009f60:0x3fca4fd0 0x4200a010:0x3fca5000 0x420692ab:0x3fca5020 0x4037d0bd:0x3fca5050




ELF file SHA256: 55cab393c

Rebooting...
ESP-ROM:esp32s3-20210327
Build:Mar 27 2021
rst:0xc (RTC_SW_CPU_RST),boot:0x8 (SPI_FAST_FLASH_BOOT)
Saved PC:0x40375b20
SPIWP:0xee
mode:DIO, clock div:1
load:0x3fce2810,len:0x15a0
load:0x403c8700,len:0x4
load:0x403c8704,len:0xd20
load:0x403cb700,len:0x2ee4
entry 0x403c8928
[0;32mI (26) boot: ESP-IDF v5.4-dirty 2nd stage bootloader[0m
[0;32mI (26) boot: compile time Apr 10 2025 22:26:29[0m
[0;32mI (26) boot: Multicore bootloader[0m
[0;32mI (27) boot: chip revision: v0.2[0m
[0;32mI (29) boot: efuse block revision: v1.3[0m
[0;32mI (33) boot.esp32s3: Boot SPI Speed : 80MHz[0m
[0;32mI (37) boot.esp32s3: SPI Mode       : DIO[0m
[0;32mI (41) boot.esp32s3: SPI Flash Size : 2MB[0m
[0;32mI (44) boot: Enabling RNG early entropy source...[0m
[0;32mI (49) boot: Partition Table:[0m
[0;32mI (52) boot: ## Label            Usage          Type ST Offset   Length[0m
[0;32mI (58) boot:  0 nvs              WiFi data        01 02 00009000 00006000[0m
[0;32mI (64) boot:  1 phy_init         RF data          01 01 0000f000 00001000[0m
[0;32mI (71) boot:  2 factory          factory app      00 00 00010000 00100000[0m
[0;32mI (77) boot: End of partition table[0m
[0;32mI (81) esp_image: segment 0: paddr=00010020 vaddr=3c070020 size=14864h ( 84068) map[0m
[0;32mI (103) esp_image: segment 1: paddr=0002488c vaddr=3fc99900 size=04938h ( 18744) load[0m
[0;32mI (107) esp_image: segment 2: paddr=000291cc vaddr=40374000 size=06e4ch ( 28236) load[0m
[0;32mI (114) esp_image: segment 3: paddr=00030020 vaddr=42000020 size=69e5ch (433756) map[0m
[0;32mI (191) esp_image: segment 4: paddr=00099e84 vaddr=4037ae4c size=0e9cch ( 59852) load[0m
[0;32mI (204) esp_image: segment 5: paddr=000a8858 vaddr=600fe100 size=0001ch (    28) load[0m
[0;32mI (213) boot: Loaded app from partition at offset 0x10000[0m
[0;32mI (213) boot: Disabling RNG early entropy source...[0m
[0;32mI (223) cpu_start: Multicore app[0m
[0;32mI (232) cpu_start: Pro cpu start user code[0m
[0;32mI (232) cpu_start: cpu freq: 160000000 Hz[0m
[0;32mI (232) app_init: Application information:[0m
[0;32mI (233) app_init: Project name:     responder[0m
[0;32mI (236) app_init: App version:      1[0m
[0;32mI (240) app_init: Compile time:     Apr 10 2025 22:25:29[0m
[0;32mI (245) app_init: ELF file SHA256:  55cab393c...[0m
[0;32mI (249) app_init: ESP-IDF:          v5.4-dirty[0m
[0;32mI (253) efuse_init: Min chip rev:     v0.0[0m
[0;32mI (257) efuse_init: Max chip rev:     v0.99 [0m
[0;32mI (261) efuse_init: Chip rev:         v0.2[0m
[0;32mI (265) heap_init: Initializing. RAM available for dynamic allocation:[0m
[0;32mI (271) heap_init: At 3FCA1518 len 000481F8 (288 KiB): RAM[0m
[0;32mI (276) heap_init: At 3FCE9710 len 00005724 (21 KiB): RAM[0m
[0;32mI (282) heap_init: At 3FCF0000 len 00008000 (32 KiB): DRAM[0m
[0;32mI (287) heap_init: At 600FE11C len 00001ECC (7 KiB): RTCRAM[0m
[0;32mI (293) spi_flash: detected chip: gd[0m
[0;32mI (295) spi_flash: flash io: dio[0m
[0;33mW (298) spi_flash: Detected size(8192k) larger than the size in the binary image header(2048k). Using the size in the binary image header.[0m
[0;32mI (311) sleep_gpio: Configure to isolate all GPIO pins in sleep state[0m
[0;32mI (317) sleep_gpio: Enable automatic switching of GPIO sleep configuration[0m
[0;32mI (324) main_task: Started on CPU0[0m
[0;32mI (334) main_task: Calling app_main()[0m
[0;32mI (344) ftm_responder: Initializing WiFi...[0m
config is NULL
[0;33mW (344) wifi_init: Failed to unregister Rx callbacks[0m
[1;31mE (344) wifi_init: Failed to deinit Wi-Fi driver (0x3001)[0m
[1;31mE (344) wifi_init: Failed to deinit Wi-Fi (0x3001)[0m
ESP_ERROR_CHECK failed: esp_err_t 0x3001 (ESP_ERR_WIFI_NOT_INIT) at 0x42009f60
file: "./main/responder.c" line 42
func: initialise_wifi
expression: esp_wifi_set_config(ESP_IF_WIFI_AP, &g_ap_config)

abort() was called at PC 0x4037c64b on core 0


Backtrace: 0x40375be1:0x3fca4ef0 0x4037c655:0x3fca4f10 0x40384525:0x3fca4f30 0x4037c64b:0x3fca4fa0 0x42009f60:0x3fca4fd0 0x4200a010:0x3fca5000 0x420692ab:0x3fca5020 0x4037d0bd:0x3fca5050




ELF file SHA256: 55cab393c

Rebooting...
ESP-ROM:esp32s3-20210327
Build:Mar 27 2021
rst:0xc (RTC_SW_CPU_RST),boot:0x8 (SPI_FAST_FLASH_BOOT)
Saved PC:0x40375b20
SPIWP:0xee
mode:DIO, clock div:1
load:0x3fce2810,len:0x15a0
load:0x403c8700,len:0x4
load:0x403c8704,len:0xd20
load:0x403cb700,len:0x2ee4
entry 0x403c8928
[0;32mI (26) boot: ESP-IDF v5.4-dirty 2nd stage bootloader[0m
[0;32mI (26) boot: compile time Apr 10 2025 22:26:29[0m
[0;32mI (26) boot: Multicore bootloader[0m
[0;32mI (27) boot: chip revision: v0.2[0m
[0;32mI (29) boot: efuse block revision: v1.3[0m
[0;32mI (33) boot.esp32s3: Boot SPI Speed : 80MHz[0m
[0;32mI (37) boot.esp32s3: SPI Mode       : DIO[0m
[0;32mI (41) boot.esp32s3: SPI Flash Size : 2MB[0m
[0;32mI (44) boot: Enabling RNG early entropy source...[0m
[0;32mI (49) boot: Partition Table:[0m
[0;32mI (52) boot: ## Label            Usage          Type ST Offset   Length[0m
[0;32mI (58) boot:  0 nvs              WiFi data        01 02 00009000 00006000[0m
[0;32mI (64) boot:  1 phy_init         RF data          01 01 0000f000 00001000[0m
[0;32mI (71) boot:  2 factory          factory app      00 00 00010000 00100000[0m
[0;32mI (77) boot: End of partition table[0m
[0;32mI (81) esp_image: segment 0: paddr=00010020 vaddr=3c070020 size=14864h ( 84068) map[0m
[0;32mI (103) esp_image: segment 1: paddr=0002488c vaddr=3fc99900 size=04938h ( 18744) load[0m
[0;32mI (107) esp_image: segment 2: paddr=000291cc vaddr=40374000 size=06e4ch ( 28236) load[0m
[0;32mI (114) esp_image: segment 3: paddr=00030020 vaddr=42000020 size=69e5ch (433756) map[0m
[0;32mI (191) esp_image: segment 4: paddr=00099e84 vaddr=4037ae4c size=0e9cch ( 59852) load[0m
[0;32mI (204) esp_image: segment 5: paddr=000a8858 vaddr=600fe100 size=0001ch (    28) load[0m
[0;32mI (213) boot: Loaded app from partition at offset 0x10000[0m
[0;32mI (213) boot: Disabling RNG early entropy source...[0m
[0;32mI (223) cpu_start: Multicore app[0m
[0;32mI (232) cpu_start: Pro cpu start user code[0m
[0;32mI (232) cpu_start: cpu freq: 160000000 Hz[0m
[0;32mI (232) app_init: Application information:[0m
[0;32mI (233) app_init: Project name:     responder[0m
[0;32mI (236) app_init: App version:      1[0m
[0;32mI (240) app_init: Compile time:     Apr 10 2025 22:25:29[0m
[0;32mI (245) app_init: ELF file SHA256:  55cab393c...[0m
[0;32mI (249) app_init: ESP-IDF:          v5.4-dirty[0m
[0;32mI (253) efuse_init: Min chip rev:     v0.0[0m
[0;32mI (257) efuse_init: Max chip rev:     v0.99 [0m
[0;32mI (261) efuse_init: Chip rev:         v0.2[0m
[0;32mI (265) heap_init: Initializing. RAM available for dynamic allocation:[0m
[0;32mI (271) heap_init: At 3FCA1518 len 000481F8 (288 KiB): RAM[0m
[0;32mI (276) heap_init: At 3FCE9710 len 00005724 (21 KiB): RAM[0m
[0;32mI (282) heap_init: At 3FCF0000 len 00008000 (32 KiB): DRAM[0m
[0;32mI (287) heap_init: At 600FE11C len 00001ECC (7 KiB): RTCRAM[0m
[0;32mI (293) spi_flash: detected chip: gd[0m
[0;32mI (295) spi_flash: flash io: dio[0m
[0;33mW (298) spi_flash: Detected size(8192k) larger than the size in the binary image header(2048k). Using the size in the binary image header.[0m
[0;32mI (311) sleep_gpio: Configure to isolate all GPIO pins in sleep state[0m
[0;32mI (317) sleep_gpio: Enable automatic switching of GPIO sleep configuration[0m
[0;32mI (324) main_task: Started on CPU0[0m
[0;32mI (334) main_task: Calling app_main()[0m
[0;32mI (344) ftm_responder: Initializing WiFi...[0m
config is NULL
[0;33mW (344) wifi_init: Failed to unregister Rx callbacks[0m
[1;31mE (344) wifi_init: Failed to deinit Wi-Fi driver (0x3001)[0m
[1;31mE (344) wifi_init: Failed to deinit Wi-Fi (0x3001)[0m
ESP_ERROR_CHECK failed: esp_err_t 0x3001 (ESP_ERR_WIFI_NOT_INIT) at 0x42009f60
file: "./main/responder.c" line 42
func: initialise_wifi
expression: esp_wifi_set_config(ESP_IF_WIFI_AP, &g_ap_config)

abort() was called at PC 0x4037c64b on core 0


Backtrace: 0x40375be1:0x3fca4ef0 0x4037c655:0x3fca4f10 0x40384525:0x3fca4f30 0x4037c64b:0x3fca4fa0 0x42009f60:0x3fca4fd0 0x4200a010:0x3fca5000 0x420692ab:0x3fca5020 0x4037d0bd:0x3fca5050




ELF file SHA256: 55cab393c

Rebooting...
ESP-ROM:esp32s3-20210327
Build:Mar 27 2021
rst:0xc (RTC_SW_CPU_RST),boot:0x8 (SPI_FAST_FLASH_BOOT)
Saved PC:0x40375b20
SPIWP:0xee
mode:DIO, clock div:1
load:0x3fce2810,len:0x15a0
load:0x403c8700,len:0x4
load:0x403c8704,len:0xd20
load:0x403cb700,len:0x2ee4
entry 0x403c8928
[0;32mI (26) boot: ESP-IDF v5.4-dirty 2nd stage bootloader[0m
[0;32mI (26) boot: compile time Apr 10 2025 22:26:29[0m
[0;32mI (26) boot: Multicore bootloader[0m
[0;32mI (27) boot: chip revision: v0.2[0m
[0;32mI (29) boot: efuse block revision: v1.3[0m
[0;32mI (33) boot.esp32s3: Boot SPI Speed : 80MHz[0m
[0;32mI (37) boot.esp32s3: SPI Mode       : DIO[0m
[0;32mI (41) boot.esp32s3: SPI Flash Size : 2MB[0m
[0;32mI (44) boot: Enabling RNG early entropy source...[0m
[0;32mI (49) boot: Partition Table:[0m
[0;32mI (52) boot: ## Label            Usage          Type ST Offset   Length[0m
[0;32mI (58) boot:  0 nvs              WiFi data        01 02 00009000 00006000[0m
[0;32mI (64) boot:  1 phy_init         RF data          01 01 0000f000 00001000[0m
[0;32mI (71) boot:  2 factory          factory app      00 00 00010000 00100000[0m
[0;32mI (77) boot: End of partition table[0m
[0;32mI (81) esp_image: segment 0: paddr=00010020 vaddr=3c070020 size=14864h ( 84068) map[0m
[0;32mI (103) esp_image: segment 1: paddr=0002488c vaddr=3fc99900 size=04938h ( 18744) load[0m
[0;32mI (107) esp_image: segment 2: paddr=000291cc vaddr=40374000 size=06e4ch ( 28236) load[0m
[0;32mI (114) esp_image: segment 3: paddr=00030020 vaddr=42000020 size=69e5ch (433756) map[0m
[0;32mI (191) esp_image: segment 4: paddr=00099e84 vaddr=4037ae4c size=0e9cch ( 59852) load[0m
[0;32mI (204) esp_image: segment 5: paddr=000a8858 vaddr=600fe100 size=0001ch (    28) load[0m
[0;32mI (213) boot: Loaded app from partition at offset 0x10000[0m
[0;32mI (213) boot: Disabling RNG early entropy source...[0m
[0;32mI (223) cpu_start: Multicore app[0m
[0;32mI (232) cpu_start: Pro cpu start user code[0m
[0;32mI (232) cpu_start: cpu freq: 160000000 Hz[0m
[0;32mI (232) app_init: Application information:[0m
[0;32mI (233) app_init: Project name:     responder[0m
[0;32mI (236) app_init: App version:      1[0m
[0;32mI (240) app_init: Compile time:     Apr 10 2025 22:25:29[0m
[0;32mI (245) app_init: ELF file SHA256:  55cab393c...[0m
[0;32mI (249) app_init: ESP-IDF:          v5.4-dirty[0m
[0;32mI (253) efuse_init: Min chip rev:     v0.0[0m
[0;32mI (257) efuse_init: Max chip rev:     v0.99 [0m
[0;32mI (261) efuse_init: Chip rev:         v0.2[0m
[0;32mI (265) heap_init: Initializing. RAM available for dynamic allocation:[0m
[0;32mI (271) heap_init: At 3FCA1518 len 000481F8 (288 KiB): RAM[0m
[0;32mI (276) heap_init: At 3FCE9710 len 00005724 (21 KiB): RAM[0m
[0;32mI (282) heap_init: At 3FCF0000 len 00008000 (32 KiB): DRAM[0m
[0;32mI (287) heap_init: At 600FE11C len 00001ECC (7 KiB): RTCRAM[0m
[0;32mI (293) spi_flash: detected chip: gd[0m
[0;32mI (295) spi_flash: flash io: dio[0m
[0;33mW (298) spi_flash: Detected size(8192k) larger than the size in the binary image header(2048k). Using the size in the binary image header.[0m
[0;32mI (311) sleep_gpio: Configure to isolate all GPIO pins in sleep state[0m
[0;32mI (317) sleep_gpio: Enable automatic switching of GPIO sleep configuration[0m
[0;32mI (324) main_task: Started on CPU0[0m
[0;32mI (334) main_task: Calling app_main()[0m
[0;32mI (344) ftm_responder: Initializing WiFi...[0m
config is NULL
[0;33mW (344) wifi_init: Failed to unregister Rx callbacks[0m
[1;31mE (344) wifi_init: Failed to deinit Wi-Fi driver (0x3001)[0m
[1;31mE (344) wifi_init: Failed to deinit Wi-Fi (0x3001)[0m
ESP_ERROR_CHECK failed: esp_err_t 0x3001 (ESP_ERR_WIFI_NOT_INIT) at 0x42009f60
file: "./main/responder.c" line 42
func: initialise_wifi
expression: esp_wifi_set_config(ESP_IF_WIFI_AP, &g_ap_config)

abort() was called at PC 0x4037c64b on core 0


Backtrace: 0x40375be1:0x3fca4ef0 0x4037c655:0x3fca4f10 0x40384525:0x3fca4f30 0x4037c64b:0x3fca4fa0 0x42009f60:0x3fca4fd0 0x4200a010:0x3fca5000 0x420692ab:0x3fca5020 0x4037d0bd:0x3fca5050




ELF file SHA256: 55cab393c

Rebooting...
ESP-ROM:esp32s3-20210327
Build:Mar 27 2021
rst:0xc (RTC_SW_CPU_RST),boot:0x8 (SPI_FAST_FLASH_BOOT)
Saved PC:0x40375b20
SPIWP:0xee
mode:DIO, clock div:1
load:0x3fce2810,len:0x15a0
load:0x403c8700,len:0x4
load:0x403c8704,len:0xd20
load:0x403cb700,len:0x2ee4
entry 0x403c8928
[0;32mI (26) boot: ESP-IDF v5.4-dirty 2nd stage bootloader[0m
[0;32mI (26) boot: compile time Apr 10 2025 22:26:29[0m
[0;32mI (26) boot: Multicore bootloader[0m
[0;32mI (27) boot: chip revision: v0.2[0m
[0;32mI (29) boot: efuse block revision: v1.3[0m
[0;32mI (33) boot.esp32s3: Boot SPI Speed : 80MHz[0m
[0;32mI (37) boot.esp32s3: SPI Mode       : DIO[0m
[0;32mI (41) boot.esp32s3: SPI Flash Size : 2MB[0m
[0;32mI (44) boot: Enabling RNG early entropy source...[0m
[0;32mI (49) boot: Partition Table:[0m
[0;32mI (52) boot: ## Label            Usage          Type ST Offset   Length[0m
[0;32mI (58) boot:  0 nvs              WiFi data        01 02 00009000 00006000[0m
[0;32mI (64) boot:  1 phy_init         RF data          01 01 0000f000 00001000[0m
[0;32mI (71) boot:  2 factory          factory app      00 00 00010000 00100000[0m
[0;32mI (77) boot: End of partition table[0m
[0;32mI (81) esp_image: segment 0: paddr=00010020 vaddr=3c070020 size=14864h ( 84068) map[0m
[0;32mI (103) esp_image: segment 1: paddr=0002488c vaddr=3fc99900 size=04938h ( 18744) load[0m
[0;32mI (107) esp_image: segment 2: paddr=000291cc vaddr=40374000 size=06e4ch ( 28236) load[0m
[0;32mI (114) esp_image: segment 3: paddr=00030020 vaddr=42000020 size=69e5ch (433756) map[0m
[0;32mI (191) esp_image: segment 4: paddr=00099e84 vaddr=4037ae4c size=0e9cch ( 59852) load[0m
[0;32mI (204) esp_image: segment 5: paddr=000a8858 vaddr=600fe100 size=0001ch (    28) load[0m
[0;32mI (213) boot: Loaded app from partition at offset 0x10000[0m
[0;32mI (213) boot: Disabling RNG early entropy source...[0m
[0;32mI (223) cpu_start: Multicore app[0m
[0;32mI (232) cpu_start: Pro cpu start user code[0m
[0;32mI (232) cpu_start: cpu freq: 160000000 Hz[0m
[0;32mI (232) app_init: Application information:[0m
[0;32mI (233) app_init: Project name:     responder[0m
[0;32mI (236) app_init: App version:      1[0m
[0;32mI (240) app_init: Compile time:     Apr 10 2025 22:25:29[0m
[0;32mI (245) app_init: ELF file SHA256:  55cab393c...[0m
[0;32mI (249) app_init: ESP-IDF:          v5.4-dirty[0m
[0;32mI (253) efuse_init: Min chip rev:     v0.0[0m
[0;32mI (257) efuse_init: Max chip rev:     v0.99 [0m
[0;32mI (261) efuse_init: Chip rev:         v0.2[0m
[0;32mI (265) heap_init: Initializing. RAM available for dynamic allocation:[0m
[0;32mI (271) heap_init: At 3FCA1518 len 000481F8 (288 KiB): RAM[0m
[0;32mI (276) heap_init: At 3FCE9710 len 00005724 (21 KiB): RAM[0m
[0;32mI (282) heap_init: At 3FCF0000 len 00008000 (32 KiB): DRAM[0m
[0;32mI (287) heap_init: At 600FE11C len 00001ECC (7 KiB): RTCRAM[0m
[0;32mI (293) spi_flash: detected chip: gd[0m
[0;32mI (295) spi_flash: flash io: dio[0m
[0;33mW (298) spi_flash: Detected size(8192k) larger than the size in the binary image header(2048k). Using the size in the binary image header.[0m
[0;32mI (311) sleep_gpio: Configure to isolate all GPIO pins in sleep state[0m
[0;32mI (317) sleep_gpio: Enable automatic switching of GPIO sleep configuration[0m
[0;32mI (324) main_task: Started on CPU0[0m
[0;32mI (334) main_task: Calling app_main()[0m
[0;32mI (344) ftm_responder: Initializing WiFi...[0m
config is NULL
[0;33mW (344) wifi_init: Failed to unregister Rx callbacks[0m
[1;31mE (344) wifi_init: Failed to deinit Wi-Fi driver (0x3001)[0m
[1;31mE (344) wifi_init: Failed to deinit Wi-Fi (0x3001)[0m
ESP_ERROR_CHECK failed: esp_err_t 0x3001 (ESP_ERR_WIFI_NOT_INIT) at 0x42009f60
file: "./main/responder.c" line 42
func: initialise_wifi
expression: esp_wifi_set_config(ESP_IF_WIFI_AP, &g_ap_config)

abort() was called at PC 0x4037c64b on core 0


Backtrace: 0x40375be1:0x3fca4ef0 0x4037c655:0x3fca4f10 0x40384525:0x3fca4f30 0x4037c64b:0x3fca4fa0 0x42009f60:0x3fca4fd0 0x4200a010:0x3fca5000 0x420692ab:0x3fca5020 0x4037d0bd:0x3fca5050




ELF file SHA256: 55cab393c

Rebooting...
ESP-ROM:esp32s3-20210327
Build:Mar 27 2021
rst:0xc (RTC_SW_CPU_RST),boot:0x8 (SPI_FAST_FLASH_BOOT)
Saved PC:0x40375b20
SPIWP:0xee
mode:DIO, clock div:1
load:0x3fce2810,len:0x15a0
load:0x403c8700,len:0x4
load:0x403c8704,len:0xd20
load:0x403cb700,len:0x2ee4
entry 0x403c8928
[0;32mI (26) boot: ESP-IDF v5.4-dirty 2nd stage bootloader[0m
[0;32mI (26) boot: compile time Apr 10 2025 22:26:29[0m
[0;32mI (26) boot: Multicore bootloader[0m
[0;32mI (27) boot: chip revision: v0.2[0m
[0;32mI (29) boot: efuse block revision: v1.3[0m
[0;32mI (33) boot.esp32s3: Boot SPI Speed : 80MHz[0m
[0;32mI (37) boot.esp32s3: SPI Mode       : DIO[0m
[0;32mI (41) boot.esp32s3: SPI Flash Size : 2MB[0m
[0;32mI (44) boot: Enabling RNG early entropy source...[0m
[0;32mI (49) boot: Partition Table:[0m
[0;32mI (52) boot: ## Label            Usage          Type ST Offset   Length[0m
[0;32mI (58) boot:  0 nvs              WiFi data        01 02 00009000 00006000[0m
[0;32mI (64) boot:  1 phy_init         RF data          01 01 0000f000 00001000[0m
[0;32mI (71) boot:  2 factory          factory app      00 00 00010000 00100000[0m
[0;32mI (77) boot: End of partition table[0m
[0;32mI (81) esp_image: segment 0: paddr=00010020 vaddr=3c070020 size=14864h ( 84068) map[0m
[0;32mI (103) esp_image: segment 1: paddr=0002488c vaddr=3fc99900 size=04938h ( 18744) load[0m
[0;32mI (107) esp_image: segment 2: paddr=000291cc vaddr=40374000 size=06e4ch ( 28236) load[0m
[0;32mI (114) esp_image: segment 3: paddr=00030020 vaddr=42000020 size=69e5ch (433756) map[0m
[0;32mI (191) esp_image: segment 4: paddr=00099e84 vaddr=4037ae4c size=0e9cch ( 59852) load[0m
[0;32mI (204) esp_image: segment 5: paddr=000a8858 vaddr=600fe100 size=0001ch (    28) load[0m
[0;32mI (213) boot: Loaded app from partition at offset 0x10000[0m
[0;32mI (213) boot: Disabling RNG early entropy source...[0m
[0;32mI (223) cpu_start: Multicore app[0m
[0;32mI (232) cpu_start: Pro cpu start user code[0m
[0;32mI (232) cpu_start: cpu freq: 160000000 Hz[0m
[0;32mI (232) app_init: Application information:[0m
[0;32mI (233) app_init: Project name:     responder[0m
[0;32mI (236) app_init: App version:      1[0m
[0;32mI (240) app_init: Compile time:     Apr 10 2025 22:25:29[0m
[0;32mI (245) app_init: ELF file SHA256:  55cab393c...[0m
[0;32mI (249) app_init: ESP-IDF:          v5.4-dirty[0m
[0;32mI (253) efuse_init: Min chip rev:     v0.0[0m
[0;32mI (257) efuse_init: Max chip rev:     v0.99 [0m
[0;32mI (261) efuse_init: Chip rev:         v0.2[0m
[0;32mI (265) heap_init: Initializing. RAM available for dynamic allocation:[0m
[0;32mI (271) heap_init: At 3FCA1518 len 000481F8 (288 KiB): RAM[0m
[0;32mI (276) heap_init: At 3FCE9710 len 00005724 (21 KiB): RAM[0m
[0;32mI (282) heap_init: At 3FCF0000 len 00008000 (32 KiB): DRAM[0m
[0;32mI (287) heap_init: At 600FE11C len 00001ECC (7 KiB): RTCRAM[0m
[0;32mI (293) spi_flash: detected chip: gd[0m
[0;32mI (295) spi_flash: flash io: dio[0m
[0;33mW (298) spi_flash: Detected size(8192k) larger than the size in the binary image header(2048k). Using the size in the binary image header.[0m
[0;32mI (311) sleep_gpio: Configure to isolate all GPIO pins in sleep state[0m
[0;32mI (317) sleep_gpio: Enable automatic switching of GPIO sleep configuration[0m
[0;32mI (324) main_task: Started on CPU0[0m
[0;32mI (334) main_task: Calling app_main()[0m
[0;32mI (344) ftm_responder: Initializing WiFi...[0m
config is NULL
[0;33mW (344) wifi_init: Failed to unregister Rx callbacks[0m
[1;31mE (344) wifi_init: Failed to deinit Wi-Fi driver (0x3001)[0m
[1;31mE (344) wifi_init: Failed to deinit Wi-Fi (0x3001)[0m
ESP_ERROR_CHECK failed: esp_err_t 0x3001 (ESP_ERR_WIFI_NOT_INIT) at 0x42009f60
file: "./main/responder.c" line 42
func: initialise_wifi
expression: esp_wifi_set_config(ESP_IF_WIFI_AP, &g_ap_config)

abort() was called at PC 0x4037c64b on core 0


Backtrace: 0x40375be1:0x3fca4ef0 0x4037c655:0x3fca4f10 0x40384525:0x3fca4f30 0x4037c64b:0x3fca4fa0 0x42009f60:0x3fca4fd0 0x4200a010:0x3fca5000 0x420692ab:0x3fca5020 0x4037d0bd:0x3fca5050




ELF file SHA256: 55cab393c

Rebooting...
ESP-ROM:esp32s3-20210327
Build:Mar 27 2021
rst:0xc (RTC_SW_CPU_RST),boot:0x8 (SPI_FAST_FLASH_BOOT)
Saved PC:0x40375b20
SPIWP:0xee
mode:DIO, clock div:1
load:0x3fce2810,len:0x15a0
load:0x403c8700,len:0x4
load:0x403c8704,len:0xd20
load:0x403cb700,len:0x2ee4
entry 0x403c8928
[0;32mI (26) boot: ESP-IDF v5.4-dirty 2nd stage bootloader[0m
[0;32mI (26) boot: compile time Apr 10 2025 22:26:29[0m
[0;32mI (26) boot: Multicore bootloader[0m
[0;32mI (27) boot: chip revision: v0.2[0m
[0;32mI (29) boot: efuse block revision: v1.3[0m
[0;32mI (33) boot.esp32s3: Boot SPI Speed : 80MHz[0m
[0;32mI (37) boot.esp32s3: SPI Mode       : DIO[0m
[0;32mI (41) boot.esp32s3: SPI Flash Size : 2MB[0m
[0;32mI (44) boot: Enabling RNG early entropy source...[0m
[0;32mI (49) boot: Partition Table:[0m
[0;32mI (52) boot: ## Label            Usage          Type ST Offset   Length[0m
[0;32mI (58) boot:  0 nvs              WiFi data        01 02 00009000 00006000[0m
[0;32mI (64) boot:  1 phy_init         RF data          01 01 0000f000 00001000[0m
[0;32mI (71) boot:  2 factory          factory app      00 00 00010000 00100000[0m
[0;32mI (77) boot: End of partition table[0m
[0;32mI (81) esp_image: segment 0: paddr=00010020 vaddr=3c070020 size=14864h ( 84068) map[0m
[0;32mI (103) esp_image: segment 1: paddr=0002488c vaddr=3fc99900 size=04938h ( 18744) load[0m
[0;32mI (107) esp_image: segment 2: paddr=000291cc vaddr=40374000 size=06e4ch ( 28236) load[0m
[0;32mI (114) esp_image: segment 3: paddr=00030020 vaddr=42000020 size=69e5ch (433756) map[0m
[0;32mI (191) esp_image: segment 4: paddr=00099e84 vaddr=4037ae4c size=0e9cch ( 59852) load[0m
[0;32mI (204) esp_image: segment 5: paddr=000a8858 vaddr=600fe100 size=0001ch (    28) load[0m
[0;32mI (213) boot: Loaded app from partition at offset 0x10000[0m
[0;32mI (213) boot: Disabling RNG early entropy source...[0m
[0;32mI (223) cpu_start: Multicore app[0m
[0;32mI (232) cpu_start: Pro cpu start user code[0m
[0;32mI (232) cpu_start: cpu freq: 160000000 Hz[0m
[0;32mI (232) app_init: Application information:[0m
[0;32mI (233) app_init: Project name:     responder[0m
[0;32mI (236) app_init: App version:      1[0m
[0;32mI (240) app_init: Compile time:     Apr 10 2025 22:25:29[0m
[0;32mI (245) app_init: ELF file SHA256:  55cab393c...[0m
[0;32mI (249) app_init: ESP-IDF:          v5.4-dirty[0m
[0;32mI (253) efuse_init: Min chip rev:     v0.0[0m
[0;32mI (257) efuse_init: Max chip rev:     v0.99 [0m
[0;32mI (261) efuse_init: Chip rev:         v0.2[0m
[0;32mI (265) heap_init: Initializing. RAM available for dynamic allocation:[0m
[0;32mI (271) heap_init: At 3FCA1518 len 000481F8 (288 KiB): RAM[0m
[0;32mI (276) heap_init: At 3FCE9710 len 00005724 (21 KiB): RAM[0m
[0;32mI (282) heap_init: At 3FCF0000 len 00008000 (32 KiB): DRAM[0m
[0;32mI (287) heap_init: At 600FE11C len 00001ECC (7 KiB): RTCRAM[0m
[0;32mI (293) spi_flash: detected chip: gd[0m
[0;32mI (295) spi_flash: flash io: dio[0m
[0;33mW (298) spi_flash: Detected size(8192k) larger than the size in the binary image header(2048k). Using the size in the binary image header.[0m
[0;32mI (311) sleep_gpio: Configure to isolate all GPIO pins in sleep state[0m
[0;32mI (317) sleep_gpio: Enable automatic switching of GPIO sleep configuration[0m
[0;32mI (324) main_task: Started on CPU0[0m
[0;32mI (334) main_task: Calling app_main()[0m
[0;32mI (344) ftm_responder: Initializing WiFi...[0m
config is NULL
[0;33mW (344) wifi_init: Failed to unregister Rx callbacks[0m
[1;31mE (344) wifi_init: Failed to deinit Wi-Fi driver (0x3001)[0m
[1;31mE (344) wifi_init: Failed to deinit Wi-Fi (0x3001)[0m
ESP_ERROR_CHECK failed: esp_err_t 0x3001 (ESP_ERR_WIFI_NOT_INIT) at 0x42009f60
file: "./main/responder.c" line 42
func: initialise_wifi
expression: esp_wifi_set_config(ESP_IF_WIFI_AP, &g_ap_config)

abort() was called at PC 0x4037c64b on core 0


Backtrace: 0x40375be1:0x3fca4ef0 0x4037c655:0x3fca4f10 0x40384525:0x3fca4f30 0x4037c64b:0x3fca4fa0 0x42009f60:0x3fca4fd0 0x4200a010:0x3fca5000 0x420692ab:0x3fca5020 0x4037d0bd:0x3fca5050




ELF file SHA256: 55cab393c

Rebooting...
ESP-ROM:esp32s3-20210327
Build:Mar 27 2021
rst:0xc (RTC_SW_CPU_RST),boot:0x8 (SPI_FAST_FLASH_BOOT)
Saved PC:0x40375b20
SPIWP:0xee
mode:DIO, clock div:1
load:0x3fce2810,len:0x15a0
load:0x403c8700,len:0x4
load:0x403c8704,len:0xd20
load:0x403cb700,len:0x2ee4
entry 0x403c8928
[0;32mI (26) boot: ESP-IDF v5.4-dirty 2nd stage bootloader[0m
[0;32mI (26) boot: compile time Apr 10 2025 22:26:29[0m
[0;32mI (26) boot: Multicore bootloader[0m
[0;32mI (27) boot: chip revision: v0.2[0m
[0;32mI (29) boot: efuse block revision: v1.3[0m
[0;32mI (33) boot.esp32s3: Boot SPI Speed : 80MHz[0m
[0;32mI (37) boot.esp32s3: SPI Mode       : DIO[0m
[0;32mI (41) boot.esp32s3: SPI Flash Size : 2MB[0m
[0;32mI (44) boot: Enabling RNG early entropy source...[0m
[0;32mI (49) boot: Partition Table:[0m
[0;32mI (52) boot: ## Label            Usage          Type ST Offset   Length[0m
[0;32mI (58) boot:  0 nvs              WiFi data        01 02 00009000 00006000[0m
[0;32mI (64) boot:  1 phy_init         RF data          01 01 0000f000 00001000[0m
[0;32mI (71) boot:  2 factory          factory app      00 00 00010000 00100000[0m
[0;32mI (77) boot: End of partition table[0m
[0;32mI (81) esp_image: segment 0: paddr=00010020 vaddr=3c070020 size=14864h ( 84068) map[0m
[0;32mI (103) esp_image: segment 1: paddr=0002488c vaddr=3fc99900 size=04938h ( 18744) load[0m
[0;32mI (107) esp_image: segment 2: paddr=000291cc vaddr=40374000 size=06e4ch ( 28236) load[0m
[0;32mI (114) esp_image: segment 3: paddr=00030020 vaddr=42000020 size=69e5ch (433756) map[0m
[0;32mI (191) esp_image: segment 4: paddr=00099e84 vaddr=4037ae4c size=0e9cch ( 59852) load[0m
[0;32mI (204) esp_image: segment 5: paddr=000a8858 vaddr=600fe100 size=0001ch (    28) load[0m
[0;32mI (213) boot: Loaded app from partition at offset 0x10000[0m
[0;32mI (213) boot: Disabling RNG early entropy source...[0m
[0;32mI (223) cpu_start: Multicore app[0m
[0;32mI (232) cpu_start: Pro cpu start user code[0m
[0;32mI (232) cpu_start: cpu freq: 160000000 Hz[0m
[0;32mI (232) app_init: Application information:[0m
[0;32mI (233) app_init: Project name:     responder[0m
[0;32mI (236) app_init: App version:      1[0m
[0;32mI (240) app_init: Compile time:     Apr 10 2025 22:25:29[0m
[0;32mI (245) app_init: ELF file SHA256:  55cab393c...[0m
[0;32mI (249) app_init: ESP-IDF:          v5.4-dirty[0m
[0;32mI (253) efuse_init: Min chip rev:     v0.0[0m
[0;32mI (257) efuse_init: Max chip rev:     v0.99 [0m
[0;32mI (261) efuse_init: Chip rev:         v0.2[0m
[0;32mI (265) heap_init: Initializing. RAM available for dynamic allocation:[0m
[0;32mI (271) heap_init: At 3FCA1518 len 000481F8 (288 KiB): RAM[0m
[0;32mI (276) heap_init: At 3FCE9710 len 00005724 (21 KiB): RAM[0m
[0;32mI (282) heap_init: At 3FCF0000 len 00008000 (32 KiB): DRAM[0m
[0;32mI (287) heap_init: At 600FE11C len 00001ECC (7 KiB): RTCRAM[0m
[0;32mI (293) spi_flash: detected chip: gd[0m
[0;32mI (295) spi_flash: flash io: dio[0m
[0;33mW (298) spi_flash: Detected size(8192k) larger than the size in the binary image header(2048k). Using the size in the binary image header.[0m
[0;32mI (311) sleep_gpio: Configure to isolate all GPIO pins in sleep state[0m
[0;32mI (317) sleep_gpio: Enable automatic switching of GPIO sleep configuration[0m
[0;32mI (324) main_task: Started on CPU0[0m
[0;32mI (334) main_task: Calling app_main()[0m
[0;32mI (344) ftm_responder: Initializing WiFi...[0m
config is NULL
[0;33mW (344) wifi_init: Failed to unregister Rx callbacks[0m
[1;31mE (344) wifi_init: Failed to deinit Wi-Fi driver (0x3001)[0m
[1;31mE (344) wifi_init: Failed to deinit Wi-Fi (0x3001)[0m
ESP_ERROR_CHECK failed: esp_err_t 0x3001 (ESP_ERR_WIFI_NOT_INIT) at 0x42009f60
file: "./main/responder.c" line 42
func: initialise_wifi
expression: esp_wifi_set_config(ESP_IF_WIFI_AP, &g_ap_config)

abort() was called at PC 0x4037c64b on core 0


Backtrace: 0x40375be1:0x3fca4ef0 0x4037c655:0x3fca4f10 0x40384525:0x3fca4f30 0x4037c64b:0x3fca4fa0 0x42009f60:0x3fca4fd0 0x4200a010:0x3fca5000 0x420692ab:0x3fca5020 0x4037d0bd:0x3fca5050




ELF file SHA256: 55cab393c

Rebooting...
ESP-ROM:esp32s3-20210327
Build:Mar 27 2021
rst:0xc (RTC_SW_CPU_RST),boot:0x8 (SPI_FAST_FLASH_BOOT)
Saved PC:0x40375b20
SPIWP:0xee
mode:DIO, clock div:1
load:0x3fce2810,len:0x15a0
load:0x403c8700,len:0x4
load:0x403c8704,len:0xd20
load:0x403cb700,len:0x2ee4
entry 0x403c8928
[0;32mI (26) boot: ESP-IDF v5.4-dirty 2nd stage bootloader[0m
[0;32mI (26) boot: compile time Apr 10 2025 22:26:29[0m
[0;32mI (26) boot: Multicore bootloader[0m
[0;32mI (27) boot: chip revision: v0.2[0m
[0;32mI (29) boot: efuse block revision: v1.3[0m
[0;32mI (33) boot.esp32s3: Boot SPI Speed : 80MHz[0m
[0;32mI (37) boot.esp32s3: SPI Mode       : DIO[0m
[0;32mI (41) boot.esp32s3: SPI Flash Size : 2MB[0m
[0;32mI (44) boot: Enabling RNG early entropy source...[0m
[0;32mI (49) boot: Partition Table:[0m
[0;32mI (52) boot: ## Label            Usage          Type ST Offset   Length[0m
[0;32mI (58) boot:  0 nvs              WiFi data        01 02 00009000 00006000[0m
[0;32mI (64) boot:  1 phy_init         RF data          01 01 0000f000 00001000[0m
[0;32mI (71) boot:  2 factory          factory app      00 00 00010000 00100000[0m
[0;32mI (77) boot: End of partition table[0m
[0;32mI (81) esp_image: segment 0: paddr=00010020 vaddr=3c070020 size=14864h ( 84068) map[0m
[0;32mI (103) esp_image: segment 1: paddr=0002488c vaddr=3fc99900 size=04938h ( 18744) load[0m
[0;32mI (107) esp_image: segment 2: paddr=000291cc vaddr=40374000 size=06e4ch ( 28236) load[0m
[0;32mI (114) esp_image: segment 3: paddr=00030020 vaddr=42000020 size=69e5ch (433756) map[0m
[0;32mI (191) esp_image: segment 4: paddr=00099e84 vaddr=4037ae4c size=0e9cch ( 59852) load[0m
[0;32mI (204) esp_image: segment 5: paddr=000a8858 vaddr=600fe100 size=0001ch (    28) load[0m
[0;32mI (213) boot: Loaded app from partition at offset 0x10000[0m
[0;32mI (213) boot: Disabling RNG early entropy source...[0m
[0;32mI (223) cpu_start: Multicore app[0m
[0;32mI (232) cpu_start: Pro cpu start user code[0m
[0;32mI (232) cpu_start: cpu freq: 160000000 Hz[0m
[0;32mI (233) app_init: Application information:[0m
[0;32mI (233) app_init: Project name:     responder[0m
[0;32mI (237) app_init: App version:      1[0m
[0;32mI (240) app_init: Compile time:     Apr 10 2025 22:25:29[0m
[0;32mI (245) app_init: ELF file SHA256:  55cab393c...[0m
[0;32mI (249) app_init: ESP-IDF:          v5.4-dirty[0m
[0;32mI (253) efuse_init: Min chip rev:     v0.0[0m
[0;32mI (257) efuse_init: Max chip rev:     v0.99 [0m
[0;32mI (261) efuse_init: Chip rev:         v0.2[0m
[0;32mI (265) heap_init: Initializing. RAM available for dynamic allocation:[0m
[0;32mI (271) heap_init: At 3FCA1518 len 000481F8 (288 KiB): RAM[0m
[0;32mI (277) heap_init: At 3FCE9710 len 00005724 (21 KiB): RAM[0m
[0;32mI (282) heap_init: At 3FCF0000 len 00008000 (32 KiB): DRAM[0m
[0;32mI (287) heap_init: At 600FE11C len 00001ECC (7 KiB): RTCRAM[0m
[0;32mI (293) spi_flash: detected chip: gd[0m
[0;32mI (295) spi_flash: flash io: dio[0m
[0;33mW (298) spi_flash: Detected size(8192k) larger than the size in the binary image header(2048k). Using the size in the binary image header.[0m
[0;32mI (311) sleep_gpio: Configure to isolate all GPIO pins in sleep state[0m
[0;32mI (317) sleep_gpio: Enable automatic switching of GPIO sleep configuration[0m
[0;32mI (324) main_task: Started on CPU0[0m
[0;32mI (334) main_task: Calling app_main()[0m
[0;32mI (344) ftm_responder: Initializing WiFi...[0m
config is NULL
[0;33mW (344) wifi_init: Failed to unregister Rx callbacks[0m
[1;31mE (344) wifi_init: Failed to deinit Wi-Fi driver (0x3001)[0m
[1;31mE (344) wifi_init: Failed to deinit Wi-Fi (0x3001)[0m
ESP_ERROR_CHECK failed: esp_err_t 0x3001 (ESP_ERR_WIFI_NOT_INIT) at 0x42009f60
file: "./main/responder.c" line 42
func: initialise_wifi
expression: esp_wifi_set_config(ESP_IF_WIFI_AP, &g_ap_config)

abort() was called at PC 0x4037c64b on core 0


Backtrace: 0x40375be1:0x3fca4ef0 0x4037c655:0x3fca4f10 0x40384525:0x3fca4f30 0x4037c64b:0x3fca4fa0 0x42009f60:0x3fca4fd0 0x4200a010:0x3fca5000 0x420692ab:0x3fca5020 0x4037d0bd:0x3fca5050




ELF file SHA256: 55cab393c

Rebooting...
ESP-ROM:esp32s3-20210327
Build:Mar 27 2021
rst:0xc (RTC_SW_CPU_RST),boot:0x8 (SPI_FAST_FLASH_BOOT)
Saved PC:0x40375b20
SPIWP:0xee
mode:DIO, clock div:1
load:0x3fce2810,len:0x15a0
load:0x403c8700,len:0x4
load:0x403c8704,len:0xd20
load:0x403cb700,len:0x2ee4
entry 0x403c8928
[0;32mI (26) boot: ESP-IDF v5.4-dirty 2nd stage bootloader[0m
[0;32mI (26) boot: compile time Apr 10 2025 22:26:29[0m
[0;32mI (26) boot: Multicore bootloader[0m
[0;32mI (27) boot: chip revision: v0.2[0m
[0;32mI (29) boot: efuse block revision: v1.3[0m
[0;32mI (33) boot.esp32s3: Boot SPI Speed : 80MHz[0m
[0;32mI (37) boot.esp32s3: SPI Mode       : DIO[0m
[0;32mI (41) boot.esp32s3: SPI Flash Size : 2MB[0m
[0;32mI (44) boot: Enabling RNG early entropy source...[0m
[0;32mI (49) boot: Partition Table:[0m
[0;32mI (52) boot: ## Label            Usage          Type ST Offset   Length[0m
[0;32mI (58) boot:  0 nvs              WiFi data        01 02 00009000 00006000[0m
[0;32mI (64) boot:  1 phy_init         RF data          01 01 0000f000 00001000[0m
[0;32mI (71) boot:  2 factory          factory app      00 00 00010000 00100000[0m
[0;32mI (77) boot: End of partition table[0m
[0;32mI (81) esp_image: segment 0: paddr=00010020 vaddr=3c070020 size=14864h ( 84068) map[0m
[0;32mI (103) esp_image: segment 1: paddr=0002488c vaddr=3fc99900 size=04938h ( 18744) load[0m
[0;32mI (107) esp_image: segment 2: paddr=000291cc vaddr=40374000 size=06e4ch ( 28236) load[0m
[0;32mI (114) esp_image: segment 3: paddr=00030020 vaddr=42000020 size=69e5ch (433756) map[0m
[0;32mI (191) esp_image: segment 4: paddr=00099e84 vaddr=4037ae4c size=0e9cch ( 59852) load[0m
[0;32mI (204) esp_image: segment 5: paddr=000a8858 vaddr=600fe100 size=0001ch (    28) load[0m
[0;32mI (213) boot: Loaded app from partition at offset 0x10000[0m
[0;32mI (213) boot: Disabling RNG early entropy source...[0m
[0;32mI (223) cpu_start: Multicore app[0m
[0;32mI (232) cpu_start: Pro cpu start user code[0m
[0;32mI (232) cpu_start: cpu freq: 160000000 Hz[0m
[0;32mI (232) app_init: Application information:[0m
[0;32mI (233) app_init: Project name:     responder[0m
[0;32mI (236) app_init: App version:      1[0m
[0;32mI (240) app_init: Compile time:     Apr 10 2025 22:25:29[0m
[0;32mI (245) app_init: ELF file SHA256:  55cab393c...[0m
[0;32mI (249) app_init: ESP-IDF:          v5.4-dirty[0m
[0;32mI (253) efuse_init: Min chip rev:     v0.0[0m
[0;32mI (257) efuse_init: Max chip rev:     v0.99 [0m
[0;32mI (261) efuse_init: Chip rev:         v0.2[0m
[0;32mI (265) heap_init: Initializing. RAM available for dynamic allocation:[0m
[0;32mI (271) heap_init: At 3FCA1518 len 000481F8 (288 KiB): RAM[0m
[0;32mI (276) heap_init: At 3FCE9710 len 00005724 (21 KiB): RAM[0m
[0;32mI (282) heap_init: At 3FCF0000 len 00008000 (32 KiB): DRAM[0m
[0;32mI (287) heap_init: At 600FE11C len 00001ECC (7 KiB): RTCRAM[0m
[0;32mI (293) spi_flash: detected chip: gd[0m
[0;32mI (295) spi_flash: flash io: dio[0m
[0;33mW (298) spi_flash: Detected size(8192k) larger than the size in the binary image header(2048k). Using the size in the binary image header.[0m
[0;32mI (311) sleep_gpio: Configure to isolate all GPIO pins in sleep state[0m
[0;32mI (317) sleep_gpio: Enable automatic switching of GPIO sleep configuration[0m
[0;32mI (324) main_task: Started on CPU0[0m
[0;32mI (334) main_task: Calling app_main()[0m
[0;32mI (344) ftm_responder: Initializing WiFi...[0m
config is NULL
[0;33mW (344) wifi_init: Failed to unregister Rx callbacks[0m
[1;31mE (344) wifi_init: Failed to deinit Wi-Fi driver (0x3001)[0m
[1;31mE (344) wifi_init: Failed to deinit Wi-Fi (0x3001)[0m
ESP_ERROR_CHECK failed: esp_err_t 0x3001 (ESP_ERR_WIFI_NOT_INIT) at 0x42009f60
file: "./main/responder.c" line 42
func: initialise_wifi
expression: esp_wifi_set_config(ESP_IF_WIFI_AP, &g_ap_config)

abort() was called at PC 0x4037c64b on core 0


Backtrace: 0x40375be1:0x3fca4ef0 0x4037c655:0x3fca4f10 0x40384525:0x3fca4f30 0x4037c64b:0x3fca4fa0 0x42009f60:0x3fca4fd0 0x4200a010:0x3fca5000 0x420692ab:0x3fca5020 0x4037d0bd:0x3fca5050




ELF file SHA256: 55cab393c

Rebooting...
ESP-ROM:esp32s3-20210327
Build:Mar 27 2021
rst:0xc (RTC_SW_CPU_RST),boot:0x8 (SPI_FAST_FLASH_BOOT)
Saved PC:0x40375b20
SPIWP:0xee
mode:DIO, clock div:1
load:0x3fce2810,len:0x15a0
load:0x403c8700,len:0x4
load:0x403c8704,len:0xd20
load:0x403cb700,len:0x2ee4
entry 0x403c8928
[0;32mI (26) boot: ESP-IDF v5.4-dirty 2nd stage bootloader[0m
[0;32mI (26) boot: compile time Apr 10 2025 22:26:29[0m
[0;32mI (26) boot: Multicore bootloader[0m
[0;32mI (27) boot: chip revision: v0.2[0m
[0;32mI (29) boot: efuse block revision: v1.3[0m
[0;32mI (33) boot.esp32s3: Boot SPI Speed : 80MHz[0m
[0;32mI (37) boot.esp32s3: SPI Mode       : DIO[0m
[0;32mI (41) boot.esp32s3: SPI Flash Size : 2MB[0m
[0;32mI (44) boot: Enabling RNG early entropy source...[0m
[0;32mI (49) boot: Partition Table:[0m
[0;32mI (52) boot: ## Label            Usage          Type ST Offset   Length[0m
[0;32mI (58) boot:  0 nvs              WiFi data        01 02 00009000 00006000[0m
[0;32mI (64) boot:  1 phy_init         RF data          01 01 0000f000 00001000[0m
[0;32mI (71) boot:  2 factory          factory app      00 00 00010000 00100000[0m
[0;32mI (77) boot: End of partition table[0m
[0;32mI (81) esp_image: segment 0: paddr=00010020 vaddr=3c070020 size=14864h ( 84068) map[0m
[0;32mI (103) esp_image: segment 1: paddr=0002488c vaddr=3fc99900 size=04938h ( 18744) load[0m
[0;32mI (107) esp_image: segment 2: paddr=000291cc vaddr=40374000 size=06e4ch ( 28236) load[0m
[0;32mI (114) esp_image: segment 3: paddr=00030020 vaddr=42000020 size=69e5ch (433756) map[0m
[0;32mI (191) esp_image: segment 4: paddr=00099e84 vaddr=4037ae4c size=0e9cch ( 59852) load[0m
[0;32mI (204) esp_image: segment 5: paddr=000a8858 vaddr=600fe100 size=0001ch (    28) load[0m
[0;32mI (213) boot: Loaded app from partition at offset 0x10000[0m
[0;32mI (213) boot: Disabling RNG early entropy source...[0m
[0;32mI (223) cpu_start: Multicore app[0m
[0;32mI (232) cpu_start: Pro cpu start user code[0m
[0;32mI (232) cpu_start: cpu freq: 160000000 Hz[0m
[0;32mI (232) app_init: Application information:[0m
[0;32mI (233) app_init: Project name:     responder[0m
[0;32mI (236) app_init: App version:      1[0m
[0;32mI (240) app_init: Compile time:     Apr 10 2025 22:25:29[0m
[0;32mI (245) app_init: ELF file SHA256:  55cab393c...[0m
[0;32mI (249) app_init: ESP-IDF:          v5.4-dirty[0m
[0;32mI (253) efuse_init: Min chip rev:     v0.0[0m
[0;32mI (257) efuse_init: Max chip rev:     v0.99 [0m
[0;32mI (261) efuse_init: Chip rev:         v0.2[0m
[0;32mI (265) heap_init: Initializing. RAM available for dynamic allocation:[0m
[0;32mI (271) heap_init: At 3FCA1518 len 000481F8 (288 KiB): RAM[0m
[0;32mI (276) heap_init: At 3FCE9710 len 00005724 (21 KiB): RAM[0m
[0;32mI (282) heap_init: At 3FCF0000 len 00008000 (32 KiB): DRAM[0m
[0;32mI (287) heap_init: At 600FE11C len 00001ECC (7 KiB): RTCRAM[0m
[0;32mI (293) spi_flash: detected chip: gd[0m
[0;32mI (295) spi_flash: flash io: dio[0m
[0;33mW (298) spi_flash: Detected size(8192k) larger than the size in the binary image header(2048k). Using the size in the binary image header.[0m
[0;32mI (311) sleep_gpio: Configure to isolate all GPIO pins in sleep state[0m
[0;32mI (317) sleep_gpio: Enable automatic switching of GPIO sleep configuration[0m
[0;32mI (324) main_task: Started on CPU0[0m
[0;32mI (334) main_task: Calling app_main()[0m
[0;32mI (344) ftm_responder: Initializing WiFi...[0m
config is NULL
[0;33mW (344) wifi_init: Failed to unregister Rx callbacks[0m
[1;31mE (344) wifi_init: Failed to deinit Wi-Fi driver (0x3001)[0m
[1;31mE (344) wifi_init: Failed to deinit Wi-Fi (0x3001)[0m
ESP_ERROR_CHECK failed: esp_err_t 0x3001 (ESP_ERR_WIFI_NOT_INIT) at 0x42009f60
file: "./main/responder.c" line 42
func: initialise_wifi
expression: esp_wifi_set_config(ESP_IF_WIFI_AP, &g_ap_config)

abort() was called at PC 0x4037c64b on core 0


Backtrace: 0x40375be1:0x3fca4ef0 0x4037c655:0x3fca4f10 0x40384525:0x3fca4f30 0x4037c64b:0x3fca4fa0 0x42009f60:0x3fca4fd0 0x4200a010:0x3fca5000 0x420692ab:0x3fca5020 0x4037d0bd:0x3fca5050




ELF file SHA256: 55cab393c

Rebooting...
ESP-ROM:esp32s3-20210327
Build:Mar 27 2021
rst:0xc (RTC_SW_CPU_RST),boot:0x8 (SPI_FAST_FLASH_BOOT)
Saved PC:0x40375b20
SPIWP:0xee
mode:DIO, clock div:1
load:0x3fce2810,len:0x15a0
load:0x403c8700,len:0x4
load:0x403c8704,len:0xd20
load:0x403cb700,len:0x2ee4
entry 0x403c8928
[0;32mI (26) boot: ESP-IDF v5.4-dirty 2nd stage bootloader[0m
[0;32mI (26) boot: compile time Apr 10 2025 22:26:29[0m
[0;32mI (26) boot: Multicore bootloader[0m
[0;32mI (27) boot: chip revision: v0.2[0m
[0;32mI (29) boot: efuse block revision: v1.3[0m
[0;32mI (33) boot.esp32s3: Boot SPI Speed : 80MHz[0m
[0;32mI (37) boot.esp32s3: SPI Mode       : DIO[0m
[0;32mI (41) boot.esp32s3: SPI Flash Size : 2MB[0m
[0;32mI (44) boot: Enabling RNG early entropy source...[0m
[0;32mI (49) boot: Partition Table:[0m
[0;32mI (52) boot: ## Label            Usage          Type ST Offset   Length[0m
[0;32mI (58) boot:  0 nvs              WiFi data        01 02 00009000 00006000[0m
[0;32mI (64) boot:  1 phy_init         RF data          01 01 0000f000 00001000[0m
[0;32mI (71) boot:  2 factory          factory app      00 00 00010000 00100000[0m
[0;32mI (77) boot: End of partition table[0m
[0;32mI (81) esp_image: segment 0: paddr=00010020 vaddr=3c070020 size=14864h ( 84068) map[0m
[0;32mI (103) esp_image: segment 1: paddr=0002488c vaddr=3fc99900 size=04938h ( 18744) load[0m
[0;32mI (107) esp_image: segment 2: paddr=000291cc vaddr=40374000 size=06e4ch ( 28236) load[0m
[0;32mI (114) esp_image: segment 3: paddr=00030020 vaddr=42000020 size=69e5ch (433756) map[0m
[0;32mI (191) esp_image: segment 4: paddr=00099e84 vaddr=4037ae4c size=0e9cch ( 59852) load[0m
[0;32mI (204) esp_image: segment 5: paddr=000a8858 vaddr=600fe100 size=0001ch (    28) load[0m
[0;32mI (213) boot: Loaded app from partition at offset 0x10000[0m
[0;32mI (213) boot: Disabling RNG early entropy source...[0m
[0;32mI (223) cpu_start: Multicore app[0m
[0;32mI (232) cpu_start: Pro cpu start user code[0m
[0;32mI (232) cpu_start: cpu freq: 160000000 Hz[0m
[0;32mI (232) app_init: Application information:[0m
[0;32mI (233) app_init: Project name:     responder[0m
[0;32mI (236) app_init: App version:      1[0m
[0;32mI (240) app_init: Compile time:     Apr 10 2025 22:25:29[0m
[0;32mI (245) app_init: ELF file SHA256:  55cab393c...[0m
[0;32mI (249) app_init: ESP-IDF:          v5.4-dirty[0m
[0;32mI (253) efuse_init: Min chip rev:     v0.0[0m
[0;32mI (257) efuse_init: Max chip rev:     v0.99 [0m
[0;32mI (261) efuse_init: Chip rev:         v0.2[0m
[0;32mI (265) heap_init: Initializing. RAM available for dynamic allocation:[0m
[0;32mI (271) heap_init: At 3FCA1518 len 000481F8 (288 KiB): RAM[0m
[0;32mI (276) heap_init: At 3FCE9710 len 00005724 (21 KiB): RAM[0m
[0;32mI (282) heap_init: At 3FCF0000 len 00008000 (32 KiB): DRAM[0m
[0;32mI (287) heap_init: At 600FE11C len 00001ECC (7 KiB): RTCRAM[0m
[0;32mI (293) spi_flash: detected chip: gd[0m
[0;32mI (295) spi_flash: flash io: dio[0m
[0;33mW (298) spi_flash: Detected size(8192k) larger than the size in the binary image header(2048k). Using the size in the binary image header.[0m
[0;32mI (311) sleep_gpio: Configure to isolate all GPIO pins in sleep state[0m
[0;32mI (317) sleep_gpio: Enable automatic switching of GPIO sleep configuration[0m
[0;32mI (324) main_task: Started on CPU0[0m
[0;32mI (334) main_task: Calling app_main()[0m
[0;32mI (344) ftm_responder: Initializing WiFi...[0m
config is NULL
[0;33mW (344) wifi_init: Failed to unregister Rx callbacks[0m
[1;31mE (344) wifi_init: Failed to deinit Wi-Fi driver (0x3001)[0m
[1;31mE (344) wifi_init: Failed to deinit Wi-Fi (0x3001)[0m
ESP_ERROR_CHECK failed: esp_err_t 0x3001 (ESP_ERR_WIFI_NOT_INIT) at 0x42009f60
file: "./main/responder.c" line 42
func: initialise_wifi
expression: esp_wifi_set_config(ESP_IF_WIFI_AP, &g_ap_config)

abort() was called at PC 0x4037c64b on core 0


Backtrace: 0x40375be1:0x3fca4ef0 0x4037c655:0x3fca4f10 0x40384525:0x3fca4f30 0x4037c64b:0x3fca4fa0 0x42009f60:0x3fca4fd0 0x4200a010:0x3fca5000 0x420692ab:0x3fca5020 0x4037d0bd:0x3fca5050




ELF file SHA256: 55cab393c

Rebooting...
ESP-ROM:esp32s3-20210327
Build:Mar 27 2021
rst:0xc (RTC_SW_CPU_RST),boot:0x8 (SPI_FAST_FLASH_BOOT)
Saved PC:0x40375b20
SPIWP:0xee
mode:DIO, clock div:1
load:0x3fce2810,len:0x15a0
load:0x403c8700,len:0x4
load:0x403c8704,len:0xd20
load:0x403cb700,len:0x2ee4
entry 0x403c8928
[0;32mI (26) boot: ESP-IDF v5.4-dirty 2nd stage bootloader[0m
[0;32mI (26) boot: compile time Apr 10 2025 22:26:29[0m
[0;32mI (26) boot: Multicore bootloader[0m
[0;32mI (27) boot: chip revision: v0.2[0m
[0;32mI (29) boot: efuse block revision: v1.3[0m
[0;32mI (33) boot.esp32s3: Boot SPI Speed : 80MHz[0m
[0;32mI (37) boot.esp32s3: SPI Mode       : DIO[0m
[0;32mI (41) boot.esp32s3: SPI Flash Size : 2MB[0m
[0;32mI (44) boot: Enabling RNG early entropy source...[0m
[0;32mI (49) boot: Partition Table:[0m
[0;32mI (52) boot: ## Label            Usage          Type ST Offset   Length[0m
[0;32mI (58) boot:  0 nvs              WiFi data        01 02 00009000 00006000[0m
[0;32mI (64) boot:  1 phy_init         RF data          01 01 0000f000 00001000[0m
[0;32mI (71) boot:  2 factory          factory app      00 00 00010000 00100000[0m
[0;32mI (77) boot: End of partition table[0m
[0;32mI (81) esp_image: segment 0: paddr=00010020 vaddr=3c070020 size=14864h ( 84068) map[0m
[0;32mI (103) esp_image: segment 1: paddr=0002488c vaddr=3fc99900 size=04938h ( 18744) load[0m
[0;32mI (107) esp_image: segment 2: paddr=000291cc vaddr=40374000 size=06e4ch ( 28236) load[0m
[0;32mI (114) esp_image: segment 3: paddr=00030020 vaddr=42000020 size=69e5ch (433756) map[0m
[0;32mI (191) esp_image: segment 4: paddr=00099e84 vaddr=4037ae4c size=0e9cch ( 59852) load[0m
[0;32mI (204) esp_image: segment 5: paddr=000a8858 vaddr=600fe100 size=0001ch (    28) load[0m
[0;32mI (213) boot: Loaded app from partition at offset 0x10000[0m
[0;32mI (213) boot: Disabling RNG early entropy source...[0m
[0;32mI (223) cpu_start: Multicore app[0m
[0;32mI (232) cpu_start: Pro cpu start user code[0m
[0;32mI (232) cpu_start: cpu freq: 160000000 Hz[0m
[0;32mI (233) app_init: Application information:[0m
[0;32mI (233) app_init: Project name:     responder[0m
[0;32mI (237) app_init: App version:      1[0m
[0;32mI (240) app_init: Compile time:     Apr 10 2025 22:25:29[0m
[0;32mI (245) app_init: ELF file SHA256:  55cab393c...[0m
[0;32mI (249) app_init: ESP-IDF:          v5.4-dirty[0m
[0;32mI (253) efuse_init: Min chip rev:     v0.0[0m
[0;32mI (257) efuse_init: Max chip rev:     v0.99 [0m
[0;32mI (261) efuse_init: Chip rev:         v0.2[0m
[0;32mI (265) heap_init: Initializing. RAM available for dynamic allocation:[0m
[0;32mI (271) heap_init: At 3FCA1518 len 000481F8 (288 KiB): RAM[0m
[0;32mI (277) heap_init: At 3FCE9710 len 00005724 (21 KiB): RAM[0m
[0;32mI (282) heap_init: At 3FCF0000 len 00008000 (32 KiB): DRAM[0m
[0;32mI (287) heap_init: At 600FE11C len 00001ECC (7 KiB): RTCRAM[0m
[0;32mI (293) spi_flash: detected chip: gd[0m
[0;32mI (295) spi_flash: flash io: dio[0m
[0;33mW (298) spi_flash: Detected size(8192k) larger than the size in the binary image header(2048k). Using the size in the binary image header.[0m
[0;32mI (311) sleep_gpio: Configure to isolate all GPIO pins in sleep state[0m
[0;32mI (317) sleep_gpio: Enable automatic switching of GPIO sleep configuration[0m
[0;32mI (324) main_task: Started on CPU0[0m
[0;32mI (334) main_task: Calling app_main()[0m
[0;32mI (344) ftm_responder: Initializing WiFi...[0m
config is NULL
[0;33mW (344) wifi_init: Failed to unregister Rx callbacks[0m
[1;31mE (344) wifi_init: Failed to deinit Wi-Fi driver (0x3001)[0m
[1;31mE (344) wifi_init: Failed to deinit Wi-Fi (0x3001)[0m
ESP_ERROR_CHECK failed: esp_err_t 0x3001 (ESP_ERR_WIFI_NOT_INIT) at 0x42009f60
file: "./main/responder.c" line 42
func: initialise_wifi
expression: esp_wifi_set_config(ESP_IF_WIFI_AP, &g_ap_config)

abort() was called at PC 0x4037c64b on core 0


Backtrace: 0x40375be1:0x3fca4ef0 0x4037c655:0x3fca4f10 0x40384525:0x3fca4f30 0x4037c64b:0x3fca4fa0 0x42009f60:0x3fca4fd0 0x4200a010:0x3fca5000 0x420692ab:0x3fca5020 0x4037d0bd:0x3fca5050




ELF file SHA256: 55cab393c

Rebooting...
ESP-ROM:esp32s3-20210327
Build:Mar 27 2021
rst:0xc (RTC_SW_CPU_RST),boot:0x8 (SPI_FAST_FLASH_BOOT)
Saved PC:0x40375b20
SPIWP:0xee
mode:DIO, clock div:1
load:0x3fce2810,len:0x15a0
load:0x403c8700,len:0x4
load:0x403c8704,len:0xd20
load:0x403cb700,len:0x2ee4
entry 0x403c8928
[0;32mI (26) boot: ESP-IDF v5.4-dirty 2nd stage bootloader[0m
[0;32mI (26) boot: compile time Apr 10 2025 22:26:29[0m
[0;32mI (26) boot: Multicore bootloader[0m
[0;32mI (27) boot: chip revision: v0.2[0m
[0;32mI (29) boot: efuse block revision: v1.3[0m
[0;32mI (33) boot.esp32s3: Boot SPI Speed : 80MHz[0m
[0;32mI (37) boot.esp32s3: SPI Mode       : DIO[0m
[0;32mI (41) boot.esp32s3: SPI Flash Size : 2MB[0m
[0;32mI (44) boot: Enabling RNG early entropy source...[0m
[0;32mI (49) boot: Partition Table:[0m
[0;32mI (52) boot: ## Label            Usage          Type ST Offset   Length[0m
[0;32mI (58) boot:  0 nvs              WiFi data        01 02 00009000 00006000[0m
[0;32mI (64) boot:  1 phy_init         RF data          01 01 0000f000 00001000[0m
[0;32mI (71) boot:  2 factory          factory app      00 00 00010000 00100000[0m
[0;32mI (77) boot: End of partition table[0m
[0;32mI (81) esp_image: segment 0: paddr=00010020 vaddr=3c070020 size=14864h ( 84068) map[0m
[0;32mI (103) esp_image: segment 1: paddr=0002488c vaddr=3fc99900 size=04938h ( 18744) load[0m
[0;32mI (107) esp_image: segment 2: paddr=000291cc vaddr=40374000 size=06e4ch ( 28236) load[0m
[0;32mI (114) esp_image: segment 3: paddr=00030020 vaddr=42000020 size=69e5ch (433756) map[0m
[0;32mI (191) esp_image: segment 4: paddr=00099e84 vaddr=4037ae4c size=0e9cch ( 59852) load[0m
[0;32mI (204) esp_image: segment 5: paddr=000a8858 vaddr=600fe100 size=0001ch (    28) load[0m
[0;32mI (213) boot: Loaded app from partition at offset 0x10000[0m
[0;32mI (213) boot: Disabling RNG early entropy source...[0m
[0;32mI (223) cpu_start: Multicore app[0m
[0;32mI (232) cpu_start: Pro cpu start user code[0m
[0;32mI (232) cpu_start: cpu freq: 160000000 Hz[0m
[0;32mI (232) app_init: Application information:[0m
[0;32mI (233) app_init: Project name:     responder[0m
[0;32mI (236) app_init: App version:      1[0m
[0;32mI (240) app_init: Compile time:     Apr 10 2025 22:25:29[0m
[0;32mI (245) app_init: ELF file SHA256:  55cab393c...[0m
[0;32mI (249) app_init: ESP-IDF:          v5.4-dirty[0m
[0;32mI (253) efuse_init: Min chip rev:     v0.0[0m
[0;32mI (257) efuse_init: Max chip rev:     v0.99 [0m
[0;32mI (261) efuse_init: Chip rev:         v0.2[0m
[0;32mI (265) heap_init: Initializing. RAM available for dynamic allocation:[0m
[0;32mI (271) heap_init: At 3FCA1518 len 000481F8 (288 KiB): RAM[0m
[0;32mI (276) heap_init: At 3FCE9710 len 00005724 (21 KiB): RAM[0m
[0;32mI (282) heap_init: At 3FCF0000 len 00008000 (32 KiB): DRAM[0m
[0;32mI (287) heap_init: At 600FE11C len 00001ECC (7 KiB): RTCRAM[0m
[0;32mI (293) spi_flash: detected chip: gd[0m
[0;32mI (295) spi_flash: flash io: dio[0m
[0;33mW (298) spi_flash: Detected size(8192k) larger than the size in the binary image header(2048k). Using the size in the binary image header.[0m
[0;32mI (311) sleep_gpio: Configure to isolate all GPIO pins in sleep state[0m
[0;32mI (317) sleep_gpio: Enable automatic switching of GPIO sleep configuration[0m
[0;32mI (324) main_task: Started on CPU0[0m
[0;32mI (334) main_task: Calling app_main()[0m
[0;32mI (344) ftm_responder: Initializing WiFi...[0m
config is NULL
[0;33mW (344) wifi_init: Failed to unregister Rx callbacks[0m
[1;31mE (344) wifi_init: Failed to deinit Wi-Fi driver (0x3001)[0m
[1;31mE (344) wifi_init: Failed to deinit Wi-Fi (0x3001)[0m
ESP_ERROR_CHECK failed: esp_err_t 0x3001 (ESP_ERR_WIFI_NOT_INIT) at 0x42009f60
file: "./main/responder.c" line 42
func: initialise_wifi
expression: esp_wifi_set_config(ESP_IF_WIFI_AP, &g_ap_config)

abort() was called at PC 0x4037c64b on core 0


Backtrace: 0x40375be1:0x3fca4ef0 0x4037c655:0x3fca4f10 0x40384525:0x3fca4f30 0x4037c64b:0x3fca4fa0 0x42009f60:0x3fca4fd0 0x4200a010:0x3fca5000 0x420692ab:0x3fca5020 0x4037d0bd:0x3fca5050




ELF file SHA256: 55cab393c

Rebooting...
ESP-ROM:esp32s3-20210327
Build:Mar 27 2021
rst:0xc (RTC_SW_CPU_RST),boot:0x8 (SPI_FAST_FLASH_BOOT)
Saved PC:0x40375b20
SPIWP:0xee
mode:DIO, clock div:1
load:0x3fce2810,len:0x15a0
load:0x403c8700,len:0x4
load:0x403c8704,len:0xd20
load:0x403cb700,len:0x2ee4
entry 0x403c8928
[0;32mI (26) boot: ESP-IDF v5.4-dirty 2nd stage bootloader[0m
[0;32mI (26) boot: compile time Apr 10 2025 22:26:29[0m
[0;32mI (26) boot: Multicore bootloader[0m
[0;32mI (27) boot: chip revision: v0.2[0m
[0;32mI (29) boot: efuse block revision: v1.3[0m
[0;32mI (33) boot.esp32s3: Boot SPI Speed : 80MHz[0m
[0;32mI (37) boot.esp32s3: SPI Mode       : DIO[0m
[0;32mI (41) boot.esp32s3: SPI Flash Size : 2MB[0m
[0;32mI (44) boot: Enabling RNG early entropy source...[0m
[0;32mI (49) boot: Partition Table:[0m
[0;32mI (52) boot: ## Label            Usage          Type ST Offset   Length[0m
[0;32mI (58) boot:  0 nvs              WiFi data        01 02 00009000 00006000[0m
[0;32mI (64) boot:  1 phy_init         RF data          01 01 0000f000 00001000[0m
[0;32mI (71) boot:  2 factory          factory app      00 00 00010000 00100000[0m
[0;32mI (77) boot: End of partition table[0m
[0;32mI (81) esp_image: segment 0: paddr=00010020 vaddr=3c070020 size=14864h ( 84068) map[0m
[0;32mI (103) esp_image: segment 1: paddr=0002488c vaddr=3fc99900 size=04938h ( 18744) load[0m
[0;32mI (107) esp_image: segment 2: paddr=000291cc vaddr=40374000 size=06e4ch ( 28236) load[0m
[0;32mI (114) esp_image: segment 3: paddr=00030020 vaddr=42000020 size=69e5ch (433756) map[0m
[0;32mI (191) esp_image: segment 4: paddr=00099e84 vaddr=4037ae4c size=0e9cch ( 59852) load[0m
[0;32mI (204) esp_image: segment 5: paddr=000a8858 vaddr=600fe100 size=0001ch (    28) load[0m
[0;32mI (213) boot: Loaded app from partition at offset 0x10000[0m
[0;32mI (213) boot: Disabling RNG early entropy source...[0m
[0;32mI (223) cpu_start: Multicore app[0m
[0;32mI (232) cpu_start: Pro cpu start user code[0m
[0;32mI (232) cpu_start: cpu freq: 160000000 Hz[0m
[0;32mI (232) app_init: Application information:[0m
[0;32mI (233) app_init: Project name:     responder[0m
[0;32mI (236) app_init: App version:      1[0m
[0;32mI (240) app_init: Compile time:     Apr 10 2025 22:25:29[0m
[0;32mI (245) app_init: ELF file SHA256:  55cab393c...[0m
[0;32mI (249) app_init: ESP-IDF:          v5.4-dirty[0m
[0;32mI (253) efuse_init: Min chip rev:     v0.0[0m
[0;32mI (257) efuse_init: Max chip rev:     v0.99 [0m
[0;32mI (261) efuse_init: Chip rev:         v0.2[0m
[0;32mI (265) heap_init: Initializing. RAM available for dynamic allocation:[0m
[0;32mI (271) heap_init: At 3FCA1518 len 000481F8 (288 KiB): RAM[0m
[0;32mI (276) heap_init: At 3FCE9710 len 00005724 (21 KiB): RAM[0m
[0;32mI (282) heap_init: At 3FCF0000 len 00008000 (32 KiB): DRAM[0m
[0;32mI (287) heap_init: At 600FE11C len 00001ECC (7 KiB): RTCRAM[0m
[0;32mI (293) spi_flash: detected chip: gd[0m
[0;32mI (295) spi_flash: flash io: dio[0m
[0;33mW (298) spi_flash: Detected size(8192k) larger than the size in the binary image header(2048k). Using the size in the binary image header.[0m
[0;32mI (311) sleep_gpio: Configure to isolate all GPIO pins in sleep state[0m
